../Core/Src/main.c:42:5:main	8	static,ignoring_inline_asm
../Core/Src/main.c:107:6:fill_sin_table	32	static
../Core/Src/main.c:115:6:fill_saw_table	24	static
../Core/Src/main.c:122:6:fill_triangle_table	24	static
../Core/Src/main.c:130:6:fill_square_table	16	static
../Core/Src/main.c:135:6:TIM2_IRQHandler	16	static
../Core/Src/main.c:161:6:DAC_write	16	static
../Core/Src/main.c:173:10:DAC_volt_conv	16	static
../Core/Src/main.c:181:6:SystemClock_Config	96	static
../Core/Src/main.c:229:6:Error_Handler	4	static,ignoring_inline_asm
