Archive member included to satisfy reference by file (symbol)

C:/ST/STM32CubeIDE_1.14.0/STM32CubeIDE/plugins/com.st.stm32cube.ide.mcu.externaltools.gnu-tools-for-stm32.11.3.rel1.win32_1.1.100.202309141235/tools/bin/../lib/gcc/arm-none-eabi/11.3.1/../../../../arm-none-eabi/lib/thumb/v7-m/nofp\libc_nano.a(libc_a-exit.o)
                              C:/ST/STM32CubeIDE_1.14.0/STM32CubeIDE/plugins/com.st.stm32cube.ide.mcu.externaltools.gnu-tools-for-stm32.11.3.rel1.win32_1.1.100.202309141235/tools/bin/../lib/gcc/arm-none-eabi/11.3.1/../../../../arm-none-eabi/lib/thumb/v7-m/nofp/crt0.o (exit)
C:/ST/STM32CubeIDE_1.14.0/STM32CubeIDE/plugins/com.st.stm32cube.ide.mcu.externaltools.gnu-tools-for-stm32.11.3.rel1.win32_1.1.100.202309141235/tools/bin/../lib/gcc/arm-none-eabi/11.3.1/../../../../arm-none-eabi/lib/thumb/v7-m/nofp\libc_nano.a(libc_a-findfp.o)
                              C:/ST/STM32CubeIDE_1.14.0/STM32CubeIDE/plugins/com.st.stm32cube.ide.mcu.externaltools.gnu-tools-for-stm32.11.3.rel1.win32_1.1.100.202309141235/tools/bin/../lib/gcc/arm-none-eabi/11.3.1/../../../../arm-none-eabi/lib/thumb/v7-m/nofp\libc_nano.a(libc_a-exit.o) (__stdio_exit_handler)
C:/ST/STM32CubeIDE_1.14.0/STM32CubeIDE/plugins/com.st.stm32cube.ide.mcu.externaltools.gnu-tools-for-stm32.11.3.rel1.win32_1.1.100.202309141235/tools/bin/../lib/gcc/arm-none-eabi/11.3.1/../../../../arm-none-eabi/lib/thumb/v7-m/nofp\libc_nano.a(libc_a-fwalk.o)
                              C:/ST/STM32CubeIDE_1.14.0/STM32CubeIDE/plugins/com.st.stm32cube.ide.mcu.externaltools.gnu-tools-for-stm32.11.3.rel1.win32_1.1.100.202309141235/tools/bin/../lib/gcc/arm-none-eabi/11.3.1/../../../../arm-none-eabi/lib/thumb/v7-m/nofp\libc_nano.a(libc_a-findfp.o) (_fwalk_sglue)
C:/ST/STM32CubeIDE_1.14.0/STM32CubeIDE/plugins/com.st.stm32cube.ide.mcu.externaltools.gnu-tools-for-stm32.11.3.rel1.win32_1.1.100.202309141235/tools/bin/../lib/gcc/arm-none-eabi/11.3.1/../../../../arm-none-eabi/lib/thumb/v7-m/nofp\libc_nano.a(libc_a-stdio.o)
                              C:/ST/STM32CubeIDE_1.14.0/STM32CubeIDE/plugins/com.st.stm32cube.ide.mcu.externaltools.gnu-tools-for-stm32.11.3.rel1.win32_1.1.100.202309141235/tools/bin/../lib/gcc/arm-none-eabi/11.3.1/../../../../arm-none-eabi/lib/thumb/v7-m/nofp\libc_nano.a(libc_a-findfp.o) (__sread)
C:/ST/STM32CubeIDE_1.14.0/STM32CubeIDE/plugins/com.st.stm32cube.ide.mcu.externaltools.gnu-tools-for-stm32.11.3.rel1.win32_1.1.100.202309141235/tools/bin/../lib/gcc/arm-none-eabi/11.3.1/../../../../arm-none-eabi/lib/thumb/v7-m/nofp\libc_nano.a(libc_a-memset.o)
                              C:/ST/STM32CubeIDE_1.14.0/STM32CubeIDE/plugins/com.st.stm32cube.ide.mcu.externaltools.gnu-tools-for-stm32.11.3.rel1.win32_1.1.100.202309141235/tools/bin/../lib/gcc/arm-none-eabi/11.3.1/../../../../arm-none-eabi/lib/thumb/v7-m/nofp/crt0.o (memset)
C:/ST/STM32CubeIDE_1.14.0/STM32CubeIDE/plugins/com.st.stm32cube.ide.mcu.externaltools.gnu-tools-for-stm32.11.3.rel1.win32_1.1.100.202309141235/tools/bin/../lib/gcc/arm-none-eabi/11.3.1/../../../../arm-none-eabi/lib/thumb/v7-m/nofp\libc_nano.a(libc_a-closer.o)
                              C:/ST/STM32CubeIDE_1.14.0/STM32CubeIDE/plugins/com.st.stm32cube.ide.mcu.externaltools.gnu-tools-for-stm32.11.3.rel1.win32_1.1.100.202309141235/tools/bin/../lib/gcc/arm-none-eabi/11.3.1/../../../../arm-none-eabi/lib/thumb/v7-m/nofp\libc_nano.a(libc_a-stdio.o) (_close_r)
C:/ST/STM32CubeIDE_1.14.0/STM32CubeIDE/plugins/com.st.stm32cube.ide.mcu.externaltools.gnu-tools-for-stm32.11.3.rel1.win32_1.1.100.202309141235/tools/bin/../lib/gcc/arm-none-eabi/11.3.1/../../../../arm-none-eabi/lib/thumb/v7-m/nofp\libc_nano.a(libc_a-reent.o)
                              C:/ST/STM32CubeIDE_1.14.0/STM32CubeIDE/plugins/com.st.stm32cube.ide.mcu.externaltools.gnu-tools-for-stm32.11.3.rel1.win32_1.1.100.202309141235/tools/bin/../lib/gcc/arm-none-eabi/11.3.1/../../../../arm-none-eabi/lib/thumb/v7-m/nofp\libc_nano.a(libc_a-closer.o) (errno)
C:/ST/STM32CubeIDE_1.14.0/STM32CubeIDE/plugins/com.st.stm32cube.ide.mcu.externaltools.gnu-tools-for-stm32.11.3.rel1.win32_1.1.100.202309141235/tools/bin/../lib/gcc/arm-none-eabi/11.3.1/../../../../arm-none-eabi/lib/thumb/v7-m/nofp\libc_nano.a(libc_a-impure.o)
                              C:/ST/STM32CubeIDE_1.14.0/STM32CubeIDE/plugins/com.st.stm32cube.ide.mcu.externaltools.gnu-tools-for-stm32.11.3.rel1.win32_1.1.100.202309141235/tools/bin/../lib/gcc/arm-none-eabi/11.3.1/../../../../arm-none-eabi/lib/thumb/v7-m/nofp\libc_nano.a(libc_a-reent.o) (_impure_ptr)
C:/ST/STM32CubeIDE_1.14.0/STM32CubeIDE/plugins/com.st.stm32cube.ide.mcu.externaltools.gnu-tools-for-stm32.11.3.rel1.win32_1.1.100.202309141235/tools/bin/../lib/gcc/arm-none-eabi/11.3.1/../../../../arm-none-eabi/lib/thumb/v7-m/nofp\libc_nano.a(libc_a-lseekr.o)
[...]
Memory Configuration

Name             Origin             Length             Attributes
RAM              0x0000000020000000 0x0000000000018000 xrw
RAM2             0x0000000010000000 0x0000000000008000 xrw
FLASH            0x0000000008000000 0x0000000000100000 xr
*default*        0x0000000000000000 0xffffffffffffffff

Linker script and memory map

LOAD C:/ST/STM32CubeIDE_1.14.0/STM32CubeIDE/plugins/com.st.stm32cube.ide.mcu.externaltools.gnu-tools-for-stm32.11.3.rel1.win32_1.1.100.202309141235/tools/bin/../lib/gcc/arm-none-eabi/11.3.1/thumb/v7-m/nofp/crti.o
LOAD C:/ST/STM32CubeIDE_1.14.0/STM32CubeIDE/plugins/com.st.stm32cube.ide.mcu.externaltools.gnu-tools-for-stm32.11.3.rel1.win32_1.1.100.202309141235/tools/bin/../lib/gcc/arm-none-eabi/11.3.1/thumb/v7-m/nofp/crtbegin.o
LOAD C:/ST/STM32CubeIDE_1.14.0/STM32CubeIDE/plugins/com.st.stm32cube.ide.mcu.externaltools.gnu-tools-for-stm32.11.3.rel1.win32_1.1.100.202309141235/tools/bin/../lib/gcc/arm-none-eabi/11.3.1/../../../../arm-none-eabi/lib/thumb/v7-m/nofp/crt0.o
LOAD ./Core/Src/gpio.o
LOAD ./Core/Src/main.o
LOAD ./Core/Src/spi.o
LOAD ./Core/Src/spsgrf.o
LOAD ./Core/Src/stm32l4xx_hal_msp.o
LOAD ./Core/Src/stm32l4xx_it.o
LOAD ./Core/Src/syscalls.o
LOAD ./Core/Src/sysmem.o
LOAD ./Core/Src/system_stm32l4xx.o
LOAD ./Core/Src/usart.o
LOAD ./Core/Startup/startup_stm32l476rgtx.o
LOAD ./Drivers/BSP/Components/spirit1/SPIRIT1_Library/Src/SPIRIT_Aes.o
LOAD ./Drivers/BSP/Components/spirit1/SPIRIT1_Library/Src/SPIRIT_Calibration.o
LOAD ./Drivers/BSP/Components/spirit1/SPIRIT1_Library/Src/SPIRIT_Commands.o
LOAD ./Drivers/BSP/Components/spirit1/SPIRIT1_Library/Src/SPIRIT_Csma.o
LOAD ./Drivers/BSP/Components/spirit1/SPIRIT1_Library/Src/SPIRIT_DirectRF.o
LOAD ./Drivers/BSP/Components/spirit1/SPIRIT1_Library/Src/SPIRIT_General.o
LOAD ./Drivers/BSP/Components/spirit1/SPIRIT1_Library/Src/SPIRIT_Gpio.o
LOAD ./Drivers/BSP/Components/spirit1/SPIRIT1_Library/Src/SPIRIT_Irq.o
LOAD ./Drivers/BSP/Components/spirit1/SPIRIT1_Library/Src/SPIRIT_LinearFifo.o
LOAD ./Drivers/BSP/Components/spirit1/SPIRIT1_Library/Src/SPIRIT_Management.o
LOAD ./Drivers/BSP/Components/spirit1/SPIRIT1_Library/Src/SPIRIT_PktBasic.o
LOAD ./Drivers/BSP/Components/spirit1/SPIRIT1_Library/Src/SPIRIT_PktCommon.o
LOAD ./Drivers/BSP/Components/spirit1/SPIRIT1_Library/Src/SPIRIT_PktMbus.o
LOAD ./Drivers/BSP/Components/spirit1/SPIRIT1_Library/Src/SPIRIT_PktStack.o
LOAD ./Drivers/BSP/Components/spirit1/SPIRIT1_Library/Src/SPIRIT_Qi.o
LOAD ./Drivers/BSP/Components/spirit1/SPIRIT1_Library/Src/SPIRIT_Radio.o
LOAD ./Drivers/BSP/Components/spirit1/SPIRIT1_Library/Src/SPIRIT_Timer.o
LOAD ./Drivers/BSP/Components/spirit1/SPIRIT1_Library/Src/SPIRIT_Types.o
LOAD ./Drivers/BSP/Components/spirit1/radio_target.o
LOAD ./Drivers/STM32L4xx_HAL_Driver/Src/stm32l4xx_hal.o
LOAD ./Drivers/STM32L4xx_HAL_Driver/Src/stm32l4xx_hal_cortex.o
LOAD ./Drivers/STM32L4xx_HAL_Driver/Src/stm32l4xx_hal_dma.o
LOAD ./Drivers/STM32L4xx_HAL_Driver/Src/stm32l4xx_hal_dma_ex.o
LOAD ./Drivers/STM32L4xx_HAL_Driver/Src/stm32l4xx_hal_exti.o
LOAD ./Drivers/STM32L4xx_HAL_Driver/Src/stm32l4xx_hal_flash.o
LOAD ./Drivers/STM32L4xx_HAL_Driver/Src/stm32l4xx_hal_flash_ex.o
LOAD ./Drivers/STM32L4xx_HAL_Driver/Src/stm32l4xx_hal_flash_ramfunc.o
LOAD ./Drivers/STM32L4xx_HAL_Driver/Src/stm32l4xx_hal_gpio.o
LOAD ./Drivers/STM32L4xx_HAL_Driver/Src/stm32l4xx_hal_i2c.o
LOAD ./Drivers/STM32L4xx_HAL_Driver/Src/stm32l4xx_hal_i2c_ex.o
LOAD ./Drivers/STM32L4xx_HAL_Driver/Src/stm32l4xx_hal_pwr.o
LOAD ./Drivers/STM32L4xx_HAL_Driver/Src/stm32l4xx_hal_pwr_ex.o
LOAD ./Drivers/STM32L4xx_HAL_Driver/Src/stm32l4xx_hal_rcc.o
LOAD ./Drivers/STM32L4xx_HAL_Driver/Src/stm32l4xx_hal_rcc_ex.o
LOAD ./Drivers/STM32L4xx_HAL_Driver/Src/stm32l4xx_hal_spi.o
LOAD ./Drivers/STM32L4xx_HAL_Driver/Src/stm32l4xx_hal_spi_ex.o
LOAD ./Drivers/STM32L4xx_HAL_Driver/Src/stm32l4xx_hal_uart.o
LOAD ./Drivers/STM32L4xx_HAL_Driver/Src/stm32l4xx_hal_uart_ex.o
START GROUP
LOAD C:/ST/STM32CubeIDE_1.14.0/STM32CubeIDE/plugins/com.st.stm32cube.ide.mcu.externaltools.gnu-tools-for-stm32.11.3.rel1.win32_1.1.100.202309141235/tools/bin/../lib/gcc/arm-none-eabi/11.3.1/../../../../arm-none-eabi/lib/thumb/v7-m/nofp\libc_nano.a
LOAD C:/ST/STM32CubeIDE_1.14.0/STM32CubeIDE/plugins/com.st.stm32cube.ide.mcu.externaltools.gnu-tools-for-stm32.11.3.rel1.win32_1.1.100.202309141235/tools/bin/../lib/gcc/arm-none-eabi/11.3.1/../../../../arm-none-eabi/lib/thumb/v7-m/nofp\libm.a
END GROUP
START GROUP
LOAD C:/ST/STM32CubeIDE_1.14.0/STM32CubeIDE/plugins/com.st.stm32cube.ide.mcu.externaltools.gnu-tools-for-stm32.11.3.rel1.win32_1.1.100.202309141235/tools/bin/../lib/gcc/arm-none-eabi/11.3.1/thumb/v7-m/nofp\libgcc.a
LOAD C:/ST/STM32CubeIDE_1.14.0/STM32CubeIDE/plugins/com.st.stm32cube.ide.mcu.externaltools.gnu-tools-for-stm32.11.3.rel1.win32_1.1.100.202309141235/tools/bin/../lib/gcc/arm-none-eabi/11.3.1/../../../../arm-none-eabi/lib/thumb/v7-m/nofp\libc_nano.a
END GROUP
START GROUP
LOAD C:/ST/STM32CubeIDE_1.14.0/STM32CubeIDE/plugins/com.st.stm32cube.ide.mcu.externaltools.gnu-tools-for-stm32.11.3.rel1.win32_1.1.100.202309141235/tools/bin/../lib/gcc/arm-none-eabi/11.3.1/thumb/v7-m/nofp\libgcc.a
LOAD C:/ST/STM32CubeIDE_1.14.0/STM32CubeIDE/plugins/com.st.stm32cube.ide.mcu.externaltools.gnu-tools-for-stm32.11.3.rel1.win32_1.1.100.202309141235/tools/bin/../lib/gcc/arm-none-eabi/11.3.1/../../../../arm-none-eabi/lib/thumb/v7-m/nofp\libc_nano.a
LOAD C:/ST/STM32CubeIDE_1.14.0/STM32CubeIDE/plugins/com.st.stm32cube.ide.mcu.externaltools.gnu-tools-for-stm32.11.3.rel1.win32_1.1.100.202309141235/tools/bin/../lib/gcc/arm-none-eabi/11.3.1/../../../../arm-none-eabi/lib/thumb/v7-m/nofp\libnosys.a
END GROUP
START GROUP
LOAD C:/ST/STM32CubeIDE_1.14.0/STM32CubeIDE/plugins/com.st.stm32cube.ide.mcu.externaltools.gnu-tools-for-stm32.11.3.rel1.win32_1.1.100.202309141235/tools/bin/../lib/gcc/arm-none-eabi/11.3.1/thumb/v7-m/nofp\libgcc.a
LOAD C:/ST/STM32CubeIDE_1.14.0/STM32CubeIDE/plugins/com.st.stm32cube.ide.mcu.externaltools.gnu-tools-for-stm32.11.3.rel1.win32_1.1.100.202309141235/tools/bin/../lib/gcc/arm-none-eabi/11.3.1/../../../../arm-none-eabi/lib/thumb/v7-m/nofp\libc_nano.a
LOAD C:/ST/STM32CubeIDE_1.14.0/STM32CubeIDE/plugins/com.st.stm32cube.ide.mcu.externaltools.gnu-tools-for-stm32.11.3.rel1.win32_1.1.100.202309141235/tools/bin/../lib/gcc/arm-none-eabi/11.3.1/../../../../arm-none-eabi/lib/thumb/v7-m/nofp\libnosys.a
END GROUP
LOAD C:/ST/STM32CubeIDE_1.14.0/STM32CubeIDE/plugins/com.st.stm32cube.ide.mcu.externaltools.gnu-tools-for-stm32.11.3.rel1.win32_1.1.100.202309141235/tools/bin/../lib/gcc/arm-none-eabi/11.3.1/thumb/v7-m/nofp/crtend.o
LOAD C:/ST/STM32CubeIDE_1.14.0/STM32CubeIDE/plugins/com.st.stm32cube.ide.mcu.externaltools.gnu-tools-for-stm32.11.3.rel1.win32_1.1.100.202309141235/tools/bin/../lib/gcc/arm-none-eabi/11.3.1/thumb/v7-m/nofp/crtn.o
                0x0000000020018000                _estack = (ORIGIN (RAM) + LENGTH (RAM))
                0x0000000000000200                _Min_Heap_Size = 0x200
                0x0000000000000400                _Min_Stack_Size = 0x400

.isr_vector     0x0000000008000000      0x188
                0x0000000008000000                . = ALIGN (0x4)
 *(.isr_vector)
 .isr_vector    0x0000000008000000      0x188 ./Core/Startup/startup_stm32l476rgtx.o
                0x0000000008000000                g_pfnVectors
                0x0000000008000188                . = ALIGN (0x4)

.text           0x0000000008000188     0x6e88
                0x0000000008000188                . = ALIGN (0x4)
 *(.text)
 .text          0x0000000008000188       0x40 C:/ST/STM32CubeIDE_1.14.0/STM32CubeIDE/plugins/com.st.stm32cube.ide.mcu.externaltools.gnu-tools-for-stm32.11.3.rel1.win32_1.1.100.202309141235/tools/bin/../lib/gcc/arm-none-eabi/11.3.1/thumb/v7-m/nofp/crtbegin.o
 .text          0x00000000080001c8      0x378 C:/ST/STM32CubeIDE_1.14.0/STM32CubeIDE/plugins/com.st.stm32cube.ide.mcu.externaltools.gnu-tools-for-stm32.11.3.rel1.win32_1.1.100.202309141235/tools/bin/../lib/gcc/arm-none-eabi/11.3.1/thumb/v7-m/nofp\libgcc.a(_arm_addsubdf3.o)
                0x00000000080001c8                __aeabi_drsub
                0x00000000080001d0                __aeabi_dsub
                0x00000000080001d0                __subdf3
                0x00000000080001d4                __aeabi_dadd
                0x00000000080001d4                __adddf3
                0x000000000800044c                __floatunsidf
                0x000000000800044c                __aeabi_ui2d
                0x000000000800046c                __floatsidf
                0x000000000800046c                __aeabi_i2d
                0x0000000008000490                __aeabi_f2d
                0x0000000008000490                __extendsfdf2
                0x00000000080004d4                __floatundidf
                0x00000000080004d4                __aeabi_ul2d
                0x00000000080004e4                __floatdidf
                0x00000000080004e4                __aeabi_l2d
 .text          0x0000000008000540      0x424 C:/ST/STM32CubeIDE_1.14.0/STM32CubeIDE/plugins/com.st.stm32cube.ide.mcu.externaltools.gnu-tools-for-stm32.11.3.rel1.win32_1.1.100.202309141235/tools/bin/../lib/gcc/arm-none-eabi/11.3.1/thumb/v7-m/nofp\libgcc.a(_arm_muldivdf3.o)
                0x0000000008000540                __aeabi_dmul
                0x0000000008000540                __muldf3
                0x0000000008000794                __divdf3
                0x0000000008000794                __aeabi_ddiv
 .text          0x0000000008000964       0x40 C:/ST/STM32CubeIDE_1.14.0/STM32CubeIDE/plugins/com.st.stm32cube.ide.mcu.externaltools.gnu-tools-for-stm32.11.3.rel1.win32_1.1.100.202309141235/tools/bin/../lib/gcc/arm-none-eabi/11.3.1/thumb/v7-m/nofp\libgcc.a(_arm_fixunsdfsi.o)
                0x0000000008000964                __aeabi_d2uiz
                0x0000000008000964                __fixunsdfsi
 .text          0x00000000080009a4      0x21c C:/ST/STM32CubeIDE_1.14.0/STM32CubeIDE/plugins/com.st.stm32cube.ide.mcu.externaltools.gnu-tools-for-stm32.11.3.rel1.win32_1.1.100.202309141235/tools/bin/../lib/gcc/arm-none-eabi/11.3.1/thumb/v7-m/nofp\libgcc.a(_arm_addsubsf3.o)
                0x00000000080009a4                __aeabi_frsub
                0x00000000080009ac                __subsf3
                0x00000000080009ac                __aeabi_fsub
                0x00000000080009b0                __aeabi_fadd
                0x00000000080009b0                __addsf3
                0x0000000008000b10                __aeabi_ui2f
                0x0000000008000b10                __floatunsisf
                0x0000000008000b18                __aeabi_i2f
                0x0000000008000b18                __floatsisf
                0x0000000008000b34                __aeabi_ul2f
                0x0000000008000b34                __floatundisf
                0x0000000008000b44                __aeabi_l2f
                0x0000000008000b44                __floatdisf
 .text          0x0000000008000bc0      0x2a0 C:/ST/STM32CubeIDE_1.14.0/STM32CubeIDE/plugins/com.st.stm32cube.ide.mcu.externaltools.gnu-tools-for-stm32.11.3.rel1.win32_1.1.100.202309141235/tools/bin/../lib/gcc/arm-none-eabi/11.3.1/thumb/v7-m/nofp\libgcc.a(_arm_muldivsf3.o)
                0x0000000008000bc0                __mulsf3
                0x0000000008000bc0                __aeabi_fmul
                0x0000000008000d28                __aeabi_fdiv
                0x0000000008000d28                __divsf3
 .text          0x0000000008000e60       0xec C:/ST/STM32CubeIDE_1.14.0/STM32CubeIDE/plugins/com.st.stm32cube.ide.mcu.externaltools.gnu-tools-for-stm32.11.3.rel1.win32_1.1.100.202309141235/tools/bin/../lib/gcc/arm-none-eabi/11.3.1/thumb/v7-m/nofp\libgcc.a(_arm_cmpsf2.o)
                0x0000000008000e60                __gesf2
                0x0000000008000e60                __gtsf2
                0x0000000008000e68                __lesf2
                0x0000000008000e68                __ltsf2
                0x0000000008000e70                __nesf2
                0x0000000008000e70                __eqsf2
                0x0000000008000e70                __cmpsf2
                0x0000000008000ed0                __aeabi_cfrcmple
                0x0000000008000ed8                __aeabi_cfcmpeq
                0x0000000008000ed8                __aeabi_cfcmple
                0x0000000008000ee8                __aeabi_fcmpeq
                0x0000000008000efc                __aeabi_fcmplt
                0x0000000008000f10                __aeabi_fcmple
                0x0000000008000f24                __aeabi_fcmpge
                0x0000000008000f38                __aeabi_fcmpgt
 .text          0x0000000008000f4c       0x4c C:/ST/STM32CubeIDE_1.14.0/STM32CubeIDE/plugins/com.st.stm32cube.ide.mcu.externaltools.gnu-tools-for-stm32.11.3.rel1.win32_1.1.100.202309141235/tools/bin/../lib/gcc/arm-none-eabi/11.3.1/thumb/v7-m/nofp\libgcc.a(_arm_fixsfsi.o)
                0x0000000008000f4c                __aeabi_f2iz
                0x0000000008000f4c                __fixsfsi
 .text          0x0000000008000f98       0x40 C:/ST/STM32CubeIDE_1.14.0/STM32CubeIDE/plugins/com.st.stm32cube.ide.mcu.externaltools.gnu-tools-for-stm32.11.3.rel1.win32_1.1.100.202309141235/tools/bin/../lib/gcc/arm-none-eabi/11.3.1/thumb/v7-m/nofp\libgcc.a(_arm_fixunssfsi.o)
                0x0000000008000f98                __fixunssfsi
                0x0000000008000f98                __aeabi_f2uiz
 .text          0x0000000008000fd8       0x30 C:/ST/STM32CubeIDE_1.14.0/STM32CubeIDE/plugins/com.st.stm32cube.ide.mcu.externaltools.gnu-tools-for-stm32.11.3.rel1.win32_1.1.100.202309141235/tools/bin/../lib/gcc/arm-none-eabi/11.3.1/thumb/v7-m/nofp\libgcc.a(_aeabi_uldivmod.o)
                0x0000000008000fd8                __aeabi_uldivmod
 .text          0x0000000008001008      0x2cc C:/ST/STM32CubeIDE_1.14.0/STM32CubeIDE/plugins/com.st.stm32cube.ide.mcu.externaltools.gnu-tools-for-stm32.11.3.rel1.win32_1.1.100.202309141235/tools/bin/../lib/gcc/arm-none-eabi/11.3.1/thumb/v7-m/nofp\libgcc.a(_udivmoddi4.o)
                0x0000000008001008                __udivmoddi4
 .text          0x00000000080012d4        0x4 C:/ST/STM32CubeIDE_1.14.0/STM32CubeIDE/plugins/com.st.stm32cube.ide.mcu.externaltools.gnu-tools-for-stm32.11.3.rel1.win32_1.1.100.202309141235/tools/bin/../lib/gcc/arm-none-eabi/11.3.1/thumb/v7-m/nofp\libgcc.a(_dvmd_tls.o)
                0x00000000080012d4                __aeabi_idiv0
                0x00000000080012d4                __aeabi_ldiv0
 *(.text*)
 .text.__NVIC_EnableIRQ
                0x00000000080012d8       0x38 ./Core/Src/gpio.o
 .text.MX_GPIO_Init
                0x0000000008001310      0x194 ./Core/Src/gpio.o
                0x0000000008001310                MX_GPIO_Init
 .text.main     0x00000000080014a4       0xb4 ./Core/Src/main.o
                0x00000000080014a4                main
 .text.SystemClock_Config
                0x0000000008001558       0xa2 ./Core/Src/main.o
                0x0000000008001558                SystemClock_Config
 *fill*         0x00000000080015fa        0x2 
 .text.EXTI0_IRQHandler
                0x00000000080015fc       0x7c ./Core/Src/main.o
                0x00000000080015fc                EXTI0_IRQHandler
 .text.Error_Handler
                0x0000000008001678        0xa ./Core/Src/main.o
                0x0000000008001678                Error_Handler
 *fill*         0x0000000008001682        0x2 
 .text.MX_SPI1_Init
                0x0000000008001684       0x70 ./Core/Src/spi.o
                0x0000000008001684                MX_SPI1_Init
 .text.HAL_SPI_MspInit
                0x00000000080016f4       0xc0 ./Core/Src/spi.o
                0x00000000080016f4                HAL_SPI_MspInit
 .text.SPSGRF_Init
                0x00000000080017b4      0x164 ./Core/Src/spsgrf.o
                0x00000000080017b4                SPSGRF_Init
 .text.SPSGRF_StartRx
                0x0000000008001918       0x18 ./Core/Src/spsgrf.o
                0x0000000008001918                SPSGRF_StartRx
 .text.SPSGRF_GetRxData
                0x0000000008001930       0x24 ./Core/Src/spsgrf.o
                0x0000000008001930                SPSGRF_GetRxData
 .text.NMI_Handler
                0x0000000008001954        0x6 ./Core/Src/stm32l4xx_it.o
                0x0000000008001954                NMI_Handler
 .text.HardFault_Handler
                0x000000000800195a        0x6 ./Core/Src/stm32l4xx_it.o
                0x000000000800195a                HardFault_Handler
 .text.MemManage_Handler
                0x0000000008001960        0x6 ./Core/Src/stm32l4xx_it.o
                0x0000000008001960                MemManage_Handler
 .text.BusFault_Handler
                0x0000000008001966        0x6 ./Core/Src/stm32l4xx_it.o
                0x0000000008001966                BusFault_Handler
 .text.UsageFault_Handler
                0x000000000800196c        0x6 ./Core/Src/stm32l4xx_it.o
                0x000000000800196c                UsageFault_Handler
 .text.SVC_Handler
                0x0000000008001972        0xc ./Core/Src/stm32l4xx_it.o
                0x0000000008001972                SVC_Handler
 .text.DebugMon_Handler
                0x000000000800197e        0xc ./Core/Src/stm32l4xx_it.o
                0x000000000800197e                DebugMon_Handler
 .text.PendSV_Handler
                0x000000000800198a        0xc ./Core/Src/stm32l4xx_it.o
                0x000000000800198a                PendSV_Handler
 .text.SysTick_Handler
                0x0000000008001996        0xc ./Core/Src/stm32l4xx_it.o
                0x0000000008001996                SysTick_Handler
 .text.SystemInit
                0x00000000080019a2        0xc ./Core/Src/system_stm32l4xx.o
                0x00000000080019a2                SystemInit
 *fill*         0x00000000080019ae        0x2 
 .text.MX_USART2_UART_Init
                0x00000000080019b0       0x54 ./Core/Src/usart.o
                0x00000000080019b0                MX_USART2_UART_Init
 .text.HAL_UART_MspInit
                0x0000000008001a04       0x84 ./Core/Src/usart.o
                0x0000000008001a04                HAL_UART_MspInit
 .text.Reset_Handler
                0x0000000008001a88       0x50 ./Core/Startup/startup_stm32l476rgtx.o
                0x0000000008001a88                Reset_Handler
 .text.Default_Handler
                0x0000000008001ad8        0x2 ./Core/Startup/startup_stm32l476rgtx.o
                0x0000000008001ad8                RTC_Alarm_IRQHandler
                0x0000000008001ad8                EXTI2_IRQHandler
                0x0000000008001ad8                TIM8_TRG_COM_IRQHandler
                0x0000000008001ad8                TIM8_CC_IRQHandler
                0x0000000008001ad8                TIM1_CC_IRQHandler
                0x0000000008001ad8                TSC_IRQHandler
                0x0000000008001ad8                TAMP_STAMP_IRQHandler
                0x0000000008001ad8                EXTI3_IRQHandler
                0x0000000008001ad8                LPTIM2_IRQHandler
                0x0000000008001ad8                DFSDM1_FLT1_IRQHandler
                0x0000000008001ad8                I2C3_ER_IRQHandler
                0x0000000008001ad8                DFSDM1_FLT2_IRQHandler
                0x0000000008001ad8                I2C2_EV_IRQHandler
                0x0000000008001ad8                CAN1_RX0_IRQHandler
                0x0000000008001ad8                FPU_IRQHandler
                0x0000000008001ad8                TIM1_UP_TIM16_IRQHandler
                0x0000000008001ad8                ADC1_2_IRQHandler
                0x0000000008001ad8                SPI1_IRQHandler
                0x0000000008001ad8                TIM6_DAC_IRQHandler
                0x0000000008001ad8                TIM8_UP_IRQHandler
                0x0000000008001ad8                DMA2_Channel2_IRQHandler
                0x0000000008001ad8                DMA1_Channel4_IRQHandler
                0x0000000008001ad8                SAI2_IRQHandler
                0x0000000008001ad8                DFSDM1_FLT3_IRQHandler
                0x0000000008001ad8                USART3_IRQHandler
                0x0000000008001ad8                DMA1_Channel7_IRQHandler
                0x0000000008001ad8                CAN1_RX1_IRQHandler
                0x0000000008001ad8                LCD_IRQHandler
                0x0000000008001ad8                UART5_IRQHandler
                0x0000000008001ad8                ADC3_IRQHandler
                0x0000000008001ad8                TIM4_IRQHandler
                0x0000000008001ad8                DMA2_Channel1_IRQHandler
                0x0000000008001ad8                QUADSPI_IRQHandler
                0x0000000008001ad8                I2C1_EV_IRQHandler
                0x0000000008001ad8                DMA1_Channel6_IRQHandler
                0x0000000008001ad8                UART4_IRQHandler
                0x0000000008001ad8                DMA2_Channel4_IRQHandler
                0x0000000008001ad8                TIM3_IRQHandler
                0x0000000008001ad8                RCC_IRQHandler
                0x0000000008001ad8                DMA1_Channel1_IRQHandler
                0x0000000008001ad8                Default_Handler
                0x0000000008001ad8                DMA2_Channel7_IRQHandler
                0x0000000008001ad8                EXTI15_10_IRQHandler
                0x0000000008001ad8                TIM7_IRQHandler
                0x0000000008001ad8                SDMMC1_IRQHandler
                0x0000000008001ad8                TIM5_IRQHandler
                0x0000000008001ad8                I2C3_EV_IRQHandler
                0x0000000008001ad8                EXTI9_5_IRQHandler
                0x0000000008001ad8                RTC_WKUP_IRQHandler
                0x0000000008001ad8                PVD_PVM_IRQHandler
                0x0000000008001ad8                SPI2_IRQHandler
                0x0000000008001ad8                CAN1_TX_IRQHandler
                0x0000000008001ad8                DMA2_Channel5_IRQHandler
                0x0000000008001ad8                DMA1_Channel5_IRQHandler
                0x0000000008001ad8                EXTI4_IRQHandler
                0x0000000008001ad8                RNG_IRQHandler
                0x0000000008001ad8                TIM1_TRG_COM_TIM17_IRQHandler
                0x0000000008001ad8                DMA1_Channel3_IRQHandler
                0x0000000008001ad8                COMP_IRQHandler
                0x0000000008001ad8                WWDG_IRQHandler
                0x0000000008001ad8                LPUART1_IRQHandler
                0x0000000008001ad8                DMA2_Channel6_IRQHandler
                0x0000000008001ad8                TIM2_IRQHandler
                0x0000000008001ad8                EXTI1_IRQHandler
                0x0000000008001ad8                USART2_IRQHandler
                0x0000000008001ad8                DFSDM1_FLT0_IRQHandler
                0x0000000008001ad8                I2C2_ER_IRQHandler
                0x0000000008001ad8                DMA1_Channel2_IRQHandler
                0x0000000008001ad8                TIM8_BRK_IRQHandler
                0x0000000008001ad8                CAN1_SCE_IRQHandler
                0x0000000008001ad8                FLASH_IRQHandler
                0x0000000008001ad8                USART1_IRQHandler
                0x0000000008001ad8                OTG_FS_IRQHandler
                0x0000000008001ad8                SPI3_IRQHandler
                0x0000000008001ad8                I2C1_ER_IRQHandler
                0x0000000008001ad8                FMC_IRQHandler
                0x0000000008001ad8                SWPMI1_IRQHandler
                0x0000000008001ad8                LPTIM1_IRQHandler
                0x0000000008001ad8                SAI1_IRQHandler
                0x0000000008001ad8                DMA2_Channel3_IRQHandler
                0x0000000008001ad8                TIM1_BRK_TIM15_IRQHandler
 *fill*         0x0000000008001ada        0x2 
 .text.SpiritCalibrationVco
                0x0000000008001adc       0x70 ./Drivers/BSP/Components/spirit1/SPIRIT1_Library/Src/SPIRIT_Calibration.o
                0x0000000008001adc                SpiritCalibrationVco
 .text.SpiritCalibrationGetVcoCalData
                0x0000000008001b4c       0x38 ./Drivers/BSP/Components/spirit1/SPIRIT1_Library/Src/SPIRIT_Calibration.o
                0x0000000008001b4c                SpiritCalibrationGetVcoCalData
 .text.SpiritCalibrationSetVcoCalDataTx
                0x0000000008001b84       0x68 ./Drivers/BSP/Components/spirit1/SPIRIT1_Library/Src/SPIRIT_Calibration.o
                0x0000000008001b84                SpiritCalibrationSetVcoCalDataTx
 .text.SpiritCalibrationSetVcoCalDataRx
                0x0000000008001bec       0x68 ./Drivers/BSP/Components/spirit1/SPIRIT1_Library/Src/SPIRIT_Calibration.o
                0x0000000008001bec                SpiritCalibrationSetVcoCalDataRx
 .text.SpiritCalibrationSelectVco
                0x0000000008001c54       0x54 ./Drivers/BSP/Components/spirit1/SPIRIT1_Library/Src/SPIRIT_Calibration.o
                0x0000000008001c54                SpiritCalibrationSelectVco
 .text.SpiritCmdStrobeCommand
                0x0000000008001ca8       0x30 ./Drivers/BSP/Components/spirit1/SPIRIT1_Library/Src/SPIRIT_Commands.o
                0x0000000008001ca8                SpiritCmdStrobeCommand
 .text.SpiritGpioInit
                0x0000000008001cd8       0x48 ./Drivers/BSP/Components/spirit1/SPIRIT1_Library/Src/SPIRIT_Gpio.o
                0x0000000008001cd8                SpiritGpioInit
 .text.SpiritIrqDeInit
                0x0000000008001d20       0x58 ./Drivers/BSP/Components/spirit1/SPIRIT1_Library/Src/SPIRIT_Irq.o
                0x0000000008001d20                SpiritIrqDeInit
 .text.SpiritIrq
                0x0000000008001d78       0xcc ./Drivers/BSP/Components/spirit1/SPIRIT1_Library/Src/SPIRIT_Irq.o
                0x0000000008001d78                SpiritIrq
 .text.SpiritIrqGetStatus
                0x0000000008001e44       0x64 ./Drivers/BSP/Components/spirit1/SPIRIT1_Library/Src/SPIRIT_Irq.o
                0x0000000008001e44                SpiritIrqGetStatus
 .text.SpiritIrqClearStatus
                0x0000000008001ea8       0x30 ./Drivers/BSP/Components/spirit1/SPIRIT1_Library/Src/SPIRIT_Irq.o
                0x0000000008001ea8                SpiritIrqClearStatus
 .text.SpiritLinearFifoReadNumElementsRxFifo
                0x0000000008001ed8       0x38 ./Drivers/BSP/Components/spirit1/SPIRIT1_Library/Src/SPIRIT_LinearFifo.o
                0x0000000008001ed8                SpiritLinearFifoReadNumElementsRxFifo
 .text.SpiritManagementSetFrequencyBase
                0x0000000008001f10      0x204 ./Drivers/BSP/Components/spirit1/SPIRIT1_Library/Src/SPIRIT_Management.o
                0x0000000008001f10                SpiritManagementSetFrequencyBase
 .text.SpiritManagementWaVcoCalibration
                0x0000000008002114      0x180 ./Drivers/BSP/Components/spirit1/SPIRIT1_Library/Src/SPIRIT_Management.o
                0x0000000008002114                SpiritManagementWaVcoCalibration
 .text.SpiritManagementWaCmdStrobeRx
                0x0000000008002294       0x38 ./Drivers/BSP/Components/spirit1/SPIRIT1_Library/Src/SPIRIT_Management.o
                0x0000000008002294                SpiritManagementWaCmdStrobeRx
 .text.SpiritManagementWaTRxFcMem
                0x00000000080022cc       0x28 ./Drivers/BSP/Components/spirit1/SPIRIT1_Library/Src/SPIRIT_Management.o
                0x00000000080022cc                SpiritManagementWaTRxFcMem
 .text.SpiritManagementWaExtraCurrent
                0x00000000080022f4       0x4a ./Drivers/BSP/Components/spirit1/SPIRIT1_Library/Src/SPIRIT_Management.o
                0x00000000080022f4                SpiritManagementWaExtraCurrent
 *fill*         0x000000000800233e        0x2 
 .text.SpiritPktBasicInit
                0x0000000008002340      0x1ac ./Drivers/BSP/Components/spirit1/SPIRIT1_Library/Src/SPIRIT_PktBasic.o
                0x0000000008002340                SpiritPktBasicInit
 .text.SpiritPktBasicAddressesInit
                0x00000000080024ec       0xdc ./Drivers/BSP/Components/spirit1/SPIRIT1_Library/Src/SPIRIT_PktBasic.o
                0x00000000080024ec                SpiritPktBasicAddressesInit
 .text.SpiritPktCommonFilterOnCrc
                0x00000000080025c8       0x70 ./Drivers/BSP/Components/spirit1/SPIRIT1_Library/Src/SPIRIT_PktCommon.o
                0x00000000080025c8                SpiritPktCommonFilterOnCrc
 .text.SpiritPktCommonSetDestinationAddress
                0x0000000008002638       0x34 ./Drivers/BSP/Components/spirit1/SPIRIT1_Library/Src/SPIRIT_PktCommon.o
                0x0000000008002638                SpiritPktCommonSetDestinationAddress
 .text.SpiritQiSqiCheck
                0x000000000800266c       0x70 ./Drivers/BSP/Components/spirit1/SPIRIT1_Library/Src/SPIRIT_Qi.o
                0x000000000800266c                SpiritQiSqiCheck
 .text.SpiritQiSetSqiThreshold
                0x00000000080026dc       0x68 ./Drivers/BSP/Components/spirit1/SPIRIT1_Library/Src/SPIRIT_Qi.o
                0x00000000080026dc                SpiritQiSetSqiThreshold
 .text.SpiritQiSetRssiThresholddBm
                0x0000000008002744       0x40 ./Drivers/BSP/Components/spirit1/SPIRIT1_Library/Src/SPIRIT_Qi.o
                0x0000000008002744                SpiritQiSetRssiThresholddBm
 .text.SpiritRadioInit
                0x0000000008002784      0x3d8 ./Drivers/BSP/Components/spirit1/SPIRIT1_Library/Src/SPIRIT_Radio.o
                0x0000000008002784                SpiritRadioInit
 .text.SpiritRadioSetXtalFlag
                0x0000000008002b5c       0x74 ./Drivers/BSP/Components/spirit1/SPIRIT1_Library/Src/SPIRIT_Radio.o
                0x0000000008002b5c                SpiritRadioSetXtalFlag
 .text.SpiritRadioSearchWCP
                0x0000000008002bd0      0x128 ./Drivers/BSP/Components/spirit1/SPIRIT1_Library/Src/SPIRIT_Radio.o
                0x0000000008002bd0                SpiritRadioSearchWCP
 .text.SpiritRadioGetSynthWord
                0x0000000008002cf8       0x4c ./Drivers/BSP/Components/spirit1/SPIRIT1_Library/Src/SPIRIT_Radio.o
                0x0000000008002cf8                SpiritRadioGetSynthWord
 .text.SpiritRadioGetBand
                0x0000000008002d44       0x5c ./Drivers/BSP/Components/spirit1/SPIRIT1_Library/Src/SPIRIT_Radio.o
                0x0000000008002d44                SpiritRadioGetBand
 .text.SpiritRadioGetChannel
                0x0000000008002da0       0x30 ./Drivers/BSP/Components/spirit1/SPIRIT1_Library/Src/SPIRIT_Radio.o
                0x0000000008002da0                SpiritRadioGetChannel
 .text.SpiritRadioGetChannelSpace
                0x0000000008002dd0       0x40 ./Drivers/BSP/Components/spirit1/SPIRIT1_Library/Src/SPIRIT_Radio.o
                0x0000000008002dd0                SpiritRadioGetChannelSpace
 .text.SpiritRadioGetFrequencyOffset
                0x0000000008002e10       0x88 ./Drivers/BSP/Components/spirit1/SPIRIT1_Library/Src/SPIRIT_Radio.o
                0x0000000008002e10                SpiritRadioGetFrequencyOffset
 .text.SpiritRadioSetFrequencyBase
                0x0000000008002e98      0x23c ./Drivers/BSP/Components/spirit1/SPIRIT1_Library/Src/SPIRIT_Radio.o
                0x0000000008002e98                SpiritRadioSetFrequencyBase
 .text.SpiritRadioGetFrequencyBase
                0x00000000080030d4       0x90 ./Drivers/BSP/Components/spirit1/SPIRIT1_Library/Src/SPIRIT_Radio.o
                0x00000000080030d4                SpiritRadioGetFrequencyBase
 .text.SpiritRadioSearchDatarateME
                0x0000000008003164      0x164 ./Drivers/BSP/Components/spirit1/SPIRIT1_Library/Src/SPIRIT_Radio.o
                0x0000000008003164                SpiritRadioSearchDatarateME
 .text.SpiritRadioSearchChannelBwME
                0x00000000080032c8      0x1cc ./Drivers/BSP/Components/spirit1/SPIRIT1_Library/Src/SPIRIT_Radio.o
                0x00000000080032c8                SpiritRadioSearchChannelBwME
 .text.SpiritRadioSearchFreqDevME
                0x0000000008003494      0x174 ./Drivers/BSP/Components/spirit1/SPIRIT1_Library/Src/SPIRIT_Radio.o
                0x0000000008003494                SpiritRadioSearchFreqDevME
 .text.SpiritRadioGetdBm2Reg
                0x0000000008003608      0x21c ./Drivers/BSP/Components/spirit1/SPIRIT1_Library/Src/SPIRIT_Radio.o
                0x0000000008003608                SpiritRadioGetdBm2Reg
 .text.SpiritRadioSetPALeveldBm
                0x0000000008003824       0x50 ./Drivers/BSP/Components/spirit1/SPIRIT1_Library/Src/SPIRIT_Radio.o
                0x0000000008003824                SpiritRadioSetPALeveldBm
 .text.SpiritRadioSetPACwc
                0x0000000008003874       0x58 ./Drivers/BSP/Components/spirit1/SPIRIT1_Library/Src/SPIRIT_Radio.o
                0x0000000008003874                SpiritRadioSetPACwc
 .text.SpiritRadioSetPALevelMaxIndex
                0x00000000080038cc       0x58 ./Drivers/BSP/Components/spirit1/SPIRIT1_Library/Src/SPIRIT_Radio.o
                0x00000000080038cc                SpiritRadioSetPALevelMaxIndex
 .text.SpiritRadioAFCFreezeOnSync
                0x0000000008003924       0x64 ./Drivers/BSP/Components/spirit1/SPIRIT1_Library/Src/SPIRIT_Radio.o
                0x0000000008003924                SpiritRadioAFCFreezeOnSync
 .text.SpiritRadioSetRefDiv
                0x0000000008003988       0x60 ./Drivers/BSP/Components/spirit1/SPIRIT1_Library/Src/SPIRIT_Radio.o
                0x0000000008003988                SpiritRadioSetRefDiv
 .text.SpiritRadioGetRefDiv
                0x00000000080039e8       0x44 ./Drivers/BSP/Components/spirit1/SPIRIT1_Library/Src/SPIRIT_Radio.o
                0x00000000080039e8                SpiritRadioGetRefDiv
 .text.SpiritRadioSetDigDiv
                0x0000000008003a2c       0x60 ./Drivers/BSP/Components/spirit1/SPIRIT1_Library/Src/SPIRIT_Radio.o
                0x0000000008003a2c                SpiritRadioSetDigDiv
 .text.SpiritRadioGetDigDiv
                0x0000000008003a8c       0x44 ./Drivers/BSP/Components/spirit1/SPIRIT1_Library/Src/SPIRIT_Radio.o
                0x0000000008003a8c                SpiritRadioGetDigDiv
 .text.SpiritRadioGetXtalFrequency
                0x0000000008003ad0       0x14 ./Drivers/BSP/Components/spirit1/SPIRIT1_Library/Src/SPIRIT_Radio.o
                0x0000000008003ad0                SpiritRadioGetXtalFrequency
 .text.SpiritRadioSetXtalFrequency
                0x0000000008003ae4       0x1c ./Drivers/BSP/Components/spirit1/SPIRIT1_Library/Src/SPIRIT_Radio.o
                0x0000000008003ae4                SpiritRadioSetXtalFrequency
 .text.SpiritTimerSetRxTimeoutMs
                0x0000000008003b00       0x44 ./Drivers/BSP/Components/spirit1/SPIRIT1_Library/Src/SPIRIT_Timer.o
                0x0000000008003b00                SpiritTimerSetRxTimeoutMs
 .text.SpiritTimerComputeRxTimeoutValues
                0x0000000008003b44      0x2d8 ./Drivers/BSP/Components/spirit1/SPIRIT1_Library/Src/SPIRIT_Timer.o
                0x0000000008003b44                SpiritTimerComputeRxTimeoutValues
 .text.SpiritTimerSetRxTimeoutStopCondition
                0x0000000008003e1c       0x90 ./Drivers/BSP/Components/spirit1/SPIRIT1_Library/Src/SPIRIT_Timer.o
                0x0000000008003e1c                SpiritTimerSetRxTimeoutStopCondition
 .text.SpiritRefreshStatus
                0x0000000008003eac       0x44 ./Drivers/BSP/Components/spirit1/SPIRIT1_Library/Src/SPIRIT_Types.o
                0x0000000008003eac                SpiritRefreshStatus
 .text.RadioSpiInit
                0x0000000008003ef0       0x20 ./Drivers/BSP/Components/spirit1/radio_target.o
                0x0000000008003ef0                RadioSpiInit
 .text.RadioSpiWriteRegisters
                0x0000000008003f10       0x98 ./Drivers/BSP/Components/spirit1/radio_target.o
                0x0000000008003f10                RadioSpiWriteRegisters
 .text.RadioSpiReadRegisters
                0x0000000008003fa8       0x98 ./Drivers/BSP/Components/spirit1/radio_target.o
                0x0000000008003fa8                RadioSpiReadRegisters
 .text.RadioSpiCommandStrobes
                0x0000000008004040       0x80 ./Drivers/BSP/Components/spirit1/radio_target.o
                0x0000000008004040                RadioSpiCommandStrobes
 .text.RadioSpiReadFifo
                0x00000000080040c0       0x90 ./Drivers/BSP/Components/spirit1/radio_target.o
                0x00000000080040c0                RadioSpiReadFifo
 .text.RadioEnterShutdown
                0x0000000008004150       0x16 ./Drivers/BSP/Components/spirit1/radio_target.o
                0x0000000008004150                RadioEnterShutdown
 .text.RadioExitShutdown
                0x0000000008004166       0x1c ./Drivers/BSP/Components/spirit1/radio_target.o
                0x0000000008004166                RadioExitShutdown
 .text.HAL_Init
                0x0000000008004182       0x30 ./Drivers/STM32L4xx_HAL_Driver/Src/stm32l4xx_hal.o
                0x0000000008004182                HAL_Init
 .text.HAL_MspInit
                0x00000000080041b2        0xc ./Drivers/STM32L4xx_HAL_Driver/Src/stm32l4xx_hal.o
                0x00000000080041b2                HAL_MspInit
 *fill*         0x00000000080041be        0x2 
 .text.HAL_InitTick
                0x00000000080041c0       0x78 ./Drivers/STM32L4xx_HAL_Driver/Src/stm32l4xx_hal.o
                0x00000000080041c0                HAL_InitTick
 .text.HAL_IncTick
                0x0000000008004238       0x24 ./Drivers/STM32L4xx_HAL_Driver/Src/stm32l4xx_hal.o
                0x0000000008004238                HAL_IncTick
 .text.HAL_GetTick
                0x000000000800425c       0x14 ./Drivers/STM32L4xx_HAL_Driver/Src/stm32l4xx_hal.o
                0x000000000800425c                HAL_GetTick
 .text.HAL_Delay
                0x0000000008004270       0x48 ./Drivers/STM32L4xx_HAL_Driver/Src/stm32l4xx_hal.o
                0x0000000008004270                HAL_Delay
 .text.__NVIC_SetPriorityGrouping
                0x00000000080042b8       0x48 ./Drivers/STM32L4xx_HAL_Driver/Src/stm32l4xx_hal_cortex.o
 .text.__NVIC_GetPriorityGrouping
                0x0000000008004300       0x1c ./Drivers/STM32L4xx_HAL_Driver/Src/stm32l4xx_hal_cortex.o
 .text.__NVIC_EnableIRQ
                0x000000000800431c       0x38 ./Drivers/STM32L4xx_HAL_Driver/Src/stm32l4xx_hal_cortex.o
 .text.__NVIC_DisableIRQ
                0x0000000008004354       0x48 ./Drivers/STM32L4xx_HAL_Driver/Src/stm32l4xx_hal_cortex.o
 .text.__NVIC_SetPriority
                0x000000000800439c       0x54 ./Drivers/STM32L4xx_HAL_Driver/Src/stm32l4xx_hal_cortex.o
 .text.NVIC_EncodePriority
                0x00000000080043f0       0x64 ./Drivers/STM32L4xx_HAL_Driver/Src/stm32l4xx_hal_cortex.o
 .text.SysTick_Config
                0x0000000008004454       0x44 ./Drivers/STM32L4xx_HAL_Driver/Src/stm32l4xx_hal_cortex.o
 .text.HAL_NVIC_SetPriorityGrouping
                0x0000000008004498       0x16 ./Drivers/STM32L4xx_HAL_Driver/Src/stm32l4xx_hal_cortex.o
                0x0000000008004498                HAL_NVIC_SetPriorityGrouping
 .text.HAL_NVIC_SetPriority
                0x00000000080044ae       0x38 ./Drivers/STM32L4xx_HAL_Driver/Src/stm32l4xx_hal_cortex.o
                0x00000000080044ae                HAL_NVIC_SetPriority
 .text.HAL_NVIC_EnableIRQ
                0x00000000080044e6       0x1c ./Drivers/STM32L4xx_HAL_Driver/Src/stm32l4xx_hal_cortex.o
                0x00000000080044e6                HAL_NVIC_EnableIRQ
 .text.HAL_NVIC_DisableIRQ
                0x0000000008004502       0x1c ./Drivers/STM32L4xx_HAL_Driver/Src/stm32l4xx_hal_cortex.o
                0x0000000008004502                HAL_NVIC_DisableIRQ
 .text.HAL_SYSTICK_Config
                0x000000000800451e       0x18 ./Drivers/STM32L4xx_HAL_Driver/Src/stm32l4xx_hal_cortex.o
                0x000000000800451e                HAL_SYSTICK_Config
 *fill*         0x0000000008004536        0x2 
 .text.HAL_GPIO_Init
                0x0000000008004538      0x350 ./Drivers/STM32L4xx_HAL_Driver/Src/stm32l4xx_hal_gpio.o
                0x0000000008004538                HAL_GPIO_Init
 .text.HAL_GPIO_WritePin
                0x0000000008004888       0x2e ./Drivers/STM32L4xx_HAL_Driver/Src/stm32l4xx_hal_gpio.o
                0x0000000008004888                HAL_GPIO_WritePin
 *fill*         0x00000000080048b6        0x2 
 .text.HAL_PWREx_GetVoltageRange
                0x00000000080048b8       0x18 ./Drivers/STM32L4xx_HAL_Driver/Src/stm32l4xx_hal_pwr_ex.o
                0x00000000080048b8                HAL_PWREx_GetVoltageRange
 .text.HAL_PWREx_ControlVoltageScaling
                0x00000000080048d0       0xa8 ./Drivers/STM32L4xx_HAL_Driver/Src/stm32l4xx_hal_pwr_ex.o
                0x00000000080048d0                HAL_PWREx_ControlVoltageScaling
 .text.HAL_RCC_OscConfig
                0x0000000008004978      0x7b8 ./Drivers/STM32L4xx_HAL_Driver/Src/stm32l4xx_hal_rcc.o
                0x0000000008004978                HAL_RCC_OscConfig
 .text.HAL_RCC_ClockConfig
                0x0000000008005130      0x200 ./Drivers/STM32L4xx_HAL_Driver/Src/stm32l4xx_hal_rcc.o
                0x0000000008005130                HAL_RCC_ClockConfig
 .text.HAL_RCC_GetSysClockFreq
                0x0000000008005330      0x114 ./Drivers/STM32L4xx_HAL_Driver/Src/stm32l4xx_hal_rcc.o
                0x0000000008005330                HAL_RCC_GetSysClockFreq
 .text.HAL_RCC_GetHCLKFreq
                0x0000000008005444       0x14 ./Drivers/STM32L4xx_HAL_Driver/Src/stm32l4xx_hal_rcc.o
                0x0000000008005444                HAL_RCC_GetHCLKFreq
 .text.HAL_RCC_GetPCLK1Freq
                0x0000000008005458       0x2c ./Drivers/STM32L4xx_HAL_Driver/Src/stm32l4xx_hal_rcc.o
                0x0000000008005458                HAL_RCC_GetPCLK1Freq
 .text.HAL_RCC_GetPCLK2Freq
                0x0000000008005484       0x2c ./Drivers/STM32L4xx_HAL_Driver/Src/stm32l4xx_hal_rcc.o
                0x0000000008005484                HAL_RCC_GetPCLK2Freq
 .text.RCC_SetFlashLatencyFromMSIRange
                0x00000000080054b0       0xc0 ./Drivers/STM32L4xx_HAL_Driver/Src/stm32l4xx_hal_rcc.o
 .text.HAL_SPI_Init
                0x0000000008005570      0x146 ./Drivers/STM32L4xx_HAL_Driver/Src/stm32l4xx_hal_spi.o
                0x0000000008005570                HAL_SPI_Init
 .text.HAL_SPI_Transmit
                0x00000000080056b6      0x2ea ./Drivers/STM32L4xx_HAL_Driver/Src/stm32l4xx_hal_spi.o
                0x00000000080056b6                HAL_SPI_Transmit
 .text.HAL_SPI_Receive
                0x00000000080059a0      0x26e ./Drivers/STM32L4xx_HAL_Driver/Src/stm32l4xx_hal_spi.o
                0x00000000080059a0                HAL_SPI_Receive
 .text.HAL_SPI_TransmitReceive
                0x0000000008005c0e      0x444 ./Drivers/STM32L4xx_HAL_Driver/Src/stm32l4xx_hal_spi.o
                0x0000000008005c0e                HAL_SPI_TransmitReceive
 *fill*         0x0000000008006052        0x2 
 .text.SPI_WaitFlagStateUntilTimeout
                0x0000000008006054      0x110 ./Drivers/STM32L4xx_HAL_Driver/Src/stm32l4xx_hal_spi.o
 .text.SPI_WaitFifoStateUntilTimeout
                0x0000000008006164      0x12c ./Drivers/STM32L4xx_HAL_Driver/Src/stm32l4xx_hal_spi.o
 .text.SPI_EndRxTransaction
                0x0000000008006290       0xb0 ./Drivers/STM32L4xx_HAL_Driver/Src/stm32l4xx_hal_spi.o
 .text.SPI_EndRxTxTransaction
                0x0000000008006340       0x8c ./Drivers/STM32L4xx_HAL_Driver/Src/stm32l4xx_hal_spi.o
 .text.HAL_UART_Init
                0x00000000080063cc       0x9c ./Drivers/STM32L4xx_HAL_Driver/Src/stm32l4xx_hal_uart.o
                0x00000000080063cc                HAL_UART_Init
 .text.HAL_UART_Transmit
                0x0000000008006468      0x114 ./Drivers/STM32L4xx_HAL_Driver/Src/stm32l4xx_hal_uart.o
                0x0000000008006468                HAL_UART_Transmit
 .text.UART_SetConfig
                0x000000000800657c      0x570 ./Drivers/STM32L4xx_HAL_Driver/Src/stm32l4xx_hal_uart.o
                0x000000000800657c                UART_SetConfig
 .text.UART_AdvFeatureConfig
                0x0000000008006aec      0x142 ./Drivers/STM32L4xx_HAL_Driver/Src/stm32l4xx_hal_uart.o
                0x0000000008006aec                UART_AdvFeatureConfig
 .text.UART_CheckIdleState
                0x0000000008006c2e      0x150 ./Drivers/STM32L4xx_HAL_Driver/Src/stm32l4xx_hal_uart.o
                0x0000000008006c2e                UART_CheckIdleState
 .text.UART_WaitOnFlagUntilTimeout
                0x0000000008006d7e       0xce ./Drivers/STM32L4xx_HAL_Driver/Src/stm32l4xx_hal_uart.o
                0x0000000008006d7e                UART_WaitOnFlagUntilTimeout
 .text.UART_EndRxTransfer
                0x0000000008006e4c       0xc6 ./Drivers/STM32L4xx_HAL_Driver/Src/stm32l4xx_hal_uart.o
 .text.memset   0x0000000008006f12       0x10 C:/ST/STM32CubeIDE_1.14.0/STM32CubeIDE/plugins/com.st.stm32cube.ide.mcu.externaltools.gnu-tools-for-stm32.11.3.rel1.win32_1.1.100.202309141235/tools/bin/../lib/gcc/arm-none-eabi/11.3.1/../../../../arm-none-eabi/lib/thumb/v7-m/nofp\libc_nano.a(libc_a-memset.o)
                0x0000000008006f12                memset
 *fill*         0x0000000008006f22        0x2 
 .text.__libc_init_array
                0x0000000008006f24       0x48 C:/ST/STM32CubeIDE_1.14.0/STM32CubeIDE/plugins/com.st.stm32cube.ide.mcu.externaltools.gnu-tools-for-stm32.11.3.rel1.win32_1.1.100.202309141235/tools/bin/../lib/gcc/arm-none-eabi/11.3.1/../../../../arm-none-eabi/lib/thumb/v7-m/nofp\libc_nano.a(libc_a-init.o)
                0x0000000008006f24                __libc_init_array
 .text.round    0x0000000008006f6c       0x8c C:/ST/STM32CubeIDE_1.14.0/STM32CubeIDE/plugins/com.st.stm32cube.ide.mcu.externaltools.gnu-tools-for-stm32.11.3.rel1.win32_1.1.100.202309141235/tools/bin/../lib/gcc/arm-none-eabi/11.3.1/../../../../arm-none-eabi/lib/thumb/v7-m/nofp\libm.a(libm_a-s_round.o)
                0x0000000008006f6c                round
 *(.glue_7)
 .glue_7        0x0000000008006ff8        0x0 linker stubs
 *(.glue_7t)
 .glue_7t       0x0000000008006ff8        0x0 linker stubs
 *(.eh_frame)
 .eh_frame      0x0000000008006ff8        0x0 C:/ST/STM32CubeIDE_1.14.0/STM32CubeIDE/plugins/com.st.stm32cube.ide.mcu.externaltools.gnu-tools-for-stm32.11.3.rel1.win32_1.1.100.202309141235/tools/bin/../lib/gcc/arm-none-eabi/11.3.1/thumb/v7-m/nofp/crtbegin.o
 *(.init)
 .init          0x0000000008006ff8        0x4 C:/ST/STM32CubeIDE_1.14.0/STM32CubeIDE/plugins/com.st.stm32cube.ide.mcu.externaltools.gnu-tools-for-stm32.11.3.rel1.win32_1.1.100.202309141235/tools/bin/../lib/gcc/arm-none-eabi/11.3.1/thumb/v7-m/nofp/crti.o
                0x0000000008006ff8                _init
 .init          0x0000000008006ffc        0x8 C:/ST/STM32CubeIDE_1.14.0/STM32CubeIDE/plugins/com.st.stm32cube.ide.mcu.externaltools.gnu-tools-for-stm32.11.3.rel1.win32_1.1.100.202309141235/tools/bin/../lib/gcc/arm-none-eabi/11.3.1/thumb/v7-m/nofp/crtn.o
 *(.fini)
 .fini          0x0000000008007004        0x4 C:/ST/STM32CubeIDE_1.14.0/STM32CubeIDE/plugins/com.st.stm32cube.ide.mcu.externaltools.gnu-tools-for-stm32.11.3.rel1.win32_1.1.100.202309141235/tools/bin/../lib/gcc/arm-none-eabi/11.3.1/thumb/v7-m/nofp/crti.o
                0x0000000008007004                _fini
 .fini          0x0000000008007008        0x8 C:/ST/STM32CubeIDE_1.14.0/STM32CubeIDE/plugins/com.st.stm32cube.ide.mcu.externaltools.gnu-tools-for-stm32.11.3.rel1.win32_1.1.100.202309141235/tools/bin/../lib/gcc/arm-none-eabi/11.3.1/thumb/v7-m/nofp/crtn.o
                0x0000000008007010                . = ALIGN (0x4)
                0x0000000008007010                _etext = .

.vfp11_veneer   0x0000000008007010        0x0
 .vfp11_veneer  0x0000000008007010        0x0 linker stubs

.v4_bx          0x0000000008007010        0x0
 .v4_bx         0x0000000008007010        0x0 linker stubs

.iplt           0x0000000008007010        0x0
 .iplt          0x0000000008007010        0x0 C:/ST/STM32CubeIDE_1.14.0/STM32CubeIDE/plugins/com.st.stm32cube.ide.mcu.externaltools.gnu-tools-for-stm32.11.3.rel1.win32_1.1.100.202309141235/tools/bin/../lib/gcc/arm-none-eabi/11.3.1/thumb/v7-m/nofp/crtbegin.o

.rodata         0x0000000008007010      0x200
                0x0000000008007010                . = ALIGN (0x4)
 *(.rodata)
 .rodata        0x0000000008007010       0x5b ./Core/Src/main.o
 *(.rodata*)
 *fill*         0x000000000800706b        0x1 
 .rodata.AHBPrescTable
                0x000000000800706c       0x10 ./Core/Src/system_stm32l4xx.o
                0x000000000800706c                AHBPrescTable
 .rodata.APBPrescTable
                0x000000000800707c        0x8 ./Core/Src/system_stm32l4xx.o
                0x000000000800707c                APBPrescTable
 .rodata.MSIRangeTable
                0x0000000008007084       0x30 ./Core/Src/system_stm32l4xx.o
                0x0000000008007084                MSIRangeTable
 .rodata.s_vectcBandRegValue
                0x00000000080070b4        0x4 ./Drivers/BSP/Components/spirit1/SPIRIT1_Library/Src/SPIRIT_Management.o
 .rodata.s_vectcBHalfFactor
                0x00000000080070b8        0x4 ./Drivers/BSP/Components/spirit1/SPIRIT1_Library/Src/SPIRIT_Management.o
 .rodata.s_vectcBHalfFactor
                0x00000000080070bc        0x4 ./Drivers/BSP/Components/spirit1/SPIRIT1_Library/Src/SPIRIT_Radio.o
 .rodata.s_vectcBandRegValue
                0x00000000080070c0        0x4 ./Drivers/BSP/Components/spirit1/SPIRIT1_Library/Src/SPIRIT_Radio.o
 .rodata.s_vectnBandwidth26M
                0x00000000080070c4       0xb4 ./Drivers/BSP/Components/spirit1/SPIRIT1_Library/Src/SPIRIT_Radio.o
 .rodata.s_vectnVCOFreq
                0x0000000008007178       0x20 ./Drivers/BSP/Components/spirit1/SPIRIT1_Library/Src/SPIRIT_Radio.o
 .rodata.fPowerFactors
                0x0000000008007198       0x78 ./Drivers/BSP/Components/spirit1/SPIRIT1_Library/Src/SPIRIT_Radio.o
                0x0000000008007210                . = ALIGN (0x4)

.ARM.extab      0x0000000008007210        0x0
                0x0000000008007210                . = ALIGN (0x4)
 *(.ARM.extab* .gnu.linkonce.armextab.*)
                0x0000000008007210                . = ALIGN (0x4)

.ARM            0x0000000008007210        0x8
                0x0000000008007210                . = ALIGN (0x4)
                0x0000000008007210                __exidx_start = .
 *(.ARM.exidx*)
 .ARM.exidx     0x0000000008007210        0x8 C:/ST/STM32CubeIDE_1.14.0/STM32CubeIDE/plugins/com.st.stm32cube.ide.mcu.externaltools.gnu-tools-for-stm32.11.3.rel1.win32_1.1.100.202309141235/tools/bin/../lib/gcc/arm-none-eabi/11.3.1/thumb/v7-m/nofp\libgcc.a(_udivmoddi4.o)
                0x0000000008007218                __exidx_end = .
                0x0000000008007218                . = ALIGN (0x4)

.rel.dyn        0x0000000008007218        0x0
 .rel.iplt      0x0000000008007218        0x0 C:/ST/STM32CubeIDE_1.14.0/STM32CubeIDE/plugins/com.st.stm32cube.ide.mcu.externaltools.gnu-tools-for-stm32.11.3.rel1.win32_1.1.100.202309141235/tools/bin/../lib/gcc/arm-none-eabi/11.3.1/thumb/v7-m/nofp/crtbegin.o

.preinit_array  0x0000000008007218        0x0
                0x0000000008007218                . = ALIGN (0x4)
                0x0000000008007218                PROVIDE (__preinit_array_start = .)
 *(.preinit_array*)
                0x0000000008007218                PROVIDE (__preinit_array_end = .)
                0x0000000008007218                . = ALIGN (0x4)

.init_array     0x0000000008007218        0x4
                0x0000000008007218                . = ALIGN (0x4)
                0x0000000008007218                PROVIDE (__init_array_start = .)
 *(SORT_BY_NAME(.init_array.*))
 *(.init_array*)
 .init_array    0x0000000008007218        0x4 C:/ST/STM32CubeIDE_1.14.0/STM32CubeIDE/plugins/com.st.stm32cube.ide.mcu.externaltools.gnu-tools-for-stm32.11.3.rel1.win32_1.1.100.202309141235/tools/bin/../lib/gcc/arm-none-eabi/11.3.1/thumb/v7-m/nofp/crtbegin.o
                0x000000000800721c                PROVIDE (__init_array_end = .)
                0x000000000800721c                . = ALIGN (0x4)

.fini_array     0x000000000800721c        0x4
                0x000000000800721c                . = ALIGN (0x4)
                [!provide]                        PROVIDE (__fini_array_start = .)
 *(SORT_BY_NAME(.fini_array.*))
 *(.fini_array*)
 .fini_array    0x000000000800721c        0x4 C:/ST/STM32CubeIDE_1.14.0/STM32CubeIDE/plugins/com.st.stm32cube.ide.mcu.externaltools.gnu-tools-for-stm32.11.3.rel1.win32_1.1.100.202309141235/tools/bin/../lib/gcc/arm-none-eabi/11.3.1/thumb/v7-m/nofp/crtbegin.o
                [!provide]                        PROVIDE (__fini_array_end = .)
                0x0000000008007220                . = ALIGN (0x4)
                0x0000000008007220                _sidata = LOADADDR (.data)

.data           0x0000000020000000       0x14 load address 0x0000000008007220
                0x0000000020000000                . = ALIGN (0x4)
                0x0000000020000000                _sdata = .
 *(.data)
 *(.data*)
 .data.SystemCoreClock
                0x0000000020000000        0x4 ./Core/Src/system_stm32l4xx.o
                0x0000000020000000                SystemCoreClock
 .data.s_cCommunicationState
                0x0000000020000004        0x1 ./Drivers/BSP/Components/spirit1/SPIRIT1_Library/Src/SPIRIT_Management.o
 .data.xDoVcoCalibrationWA
                0x0000000020000005        0x1 ./Drivers/BSP/Components/spirit1/SPIRIT1_Library/Src/SPIRIT_Radio.o
 *fill*         0x0000000020000006        0x2 
 .data.radioSpi
                0x0000000020000008        0x4 ./Drivers/BSP/Components/spirit1/radio_target.o
                0x0000000020000008                radioSpi
 .data.uwTickPrio
                0x000000002000000c        0x4 ./Drivers/STM32L4xx_HAL_Driver/Src/stm32l4xx_hal.o
                0x000000002000000c                uwTickPrio
 .data.uwTickFreq
                0x0000000020000010        0x1 ./Drivers/STM32L4xx_HAL_Driver/Src/stm32l4xx_hal.o
                0x0000000020000010                uwTickFreq
 *(.RamFunc)
 *(.RamFunc*)
                0x0000000020000014                . = ALIGN (0x4)
 *fill*         0x0000000020000011        0x3 
                0x0000000020000014                _edata = .

.igot.plt       0x0000000020000014        0x0 load address 0x0000000008007234
 .igot.plt      0x0000000020000014        0x0 C:/ST/STM32CubeIDE_1.14.0/STM32CubeIDE/plugins/com.st.stm32cube.ide.mcu.externaltools.gnu-tools-for-stm32.11.3.rel1.win32_1.1.100.202309141235/tools/bin/../lib/gcc/arm-none-eabi/11.3.1/thumb/v7-m/nofp/crtbegin.o
                0x0000000020000014                . = ALIGN (0x4)

.bss            0x0000000020000014      0x11c load address 0x0000000008007234
                0x0000000020000014                _sbss = .
                0x0000000020000014                __bss_start__ = _sbss
 *(.bss)
 .bss           0x0000000020000014       0x1c C:/ST/STM32CubeIDE_1.14.0/STM32CubeIDE/plugins/com.st.stm32cube.ide.mcu.externaltools.gnu-tools-for-stm32.11.3.rel1.win32_1.1.100.202309141235/tools/bin/../lib/gcc/arm-none-eabi/11.3.1/thumb/v7-m/nofp/crtbegin.o
 *(.bss*)
 .bss.xTxDoneFlag
                0x0000000020000030        0x1 ./Core/Src/main.o
                0x0000000020000030                xTxDoneFlag
 .bss.xRxDoneFlag
                0x0000000020000031        0x1 ./Core/Src/main.o
                0x0000000020000031                xRxDoneFlag
 *fill*         0x0000000020000032        0x2 
 .bss.hspi1     0x0000000020000034       0x64 ./Core/Src/spi.o
                0x0000000020000034                hspi1
 .bss.huart2    0x0000000020000098       0x88 ./Core/Src/usart.o
                0x0000000020000098                huart2
 .bss.s_nDesiredFrequency
                0x0000000020000120        0x4 ./Drivers/BSP/Components/spirit1/SPIRIT1_Library/Src/SPIRIT_Management.o
 .bss.s_lXtalFrequency
                0x0000000020000124        0x4 ./Drivers/BSP/Components/spirit1/SPIRIT1_Library/Src/SPIRIT_Radio.o
 .bss.g_xStatus
                0x0000000020000128        0x2 ./Drivers/BSP/Components/spirit1/SPIRIT1_Library/Src/SPIRIT_Types.o
                0x0000000020000128                g_xStatus
 *fill*         0x000000002000012a        0x2 
 .bss.uwTick    0x000000002000012c        0x4 ./Drivers/STM32L4xx_HAL_Driver/Src/stm32l4xx_hal.o
                0x000000002000012c                uwTick
 *(COMMON)
                0x0000000020000130                . = ALIGN (0x4)
                0x0000000020000130                _ebss = .
                0x0000000020000130                __bss_end__ = _ebss

._user_heap_stack
                0x0000000020000130      0x600 load address 0x0000000008007234
                0x0000000020000130                . = ALIGN (0x8)
                [!provide]                        PROVIDE (end = .)
                0x0000000020000130                PROVIDE (_end = .)
                0x0000000020000330                . = (. + _Min_Heap_Size)
 *fill*         0x0000000020000130      0x200 
                0x0000000020000730                . = (. + _Min_Stack_Size)
 *fill*         0x0000000020000330      0x400 
                0x0000000020000730                . = ALIGN (0x8)

/DISCARD/
 libc.a(*)
 libm.a(*)
 libgcc.a(*)

.ARM.attributes
                0x0000000000000000       0x2f
 *(.ARM.attributes)
 .ARM.attributes
                0x0000000000000000       0x1d C:/ST/STM32CubeIDE_1.14.0/STM32CubeIDE/plugins/com.st.stm32cube.ide.mcu.externaltools.gnu-tools-for-stm32.11.3.rel1.win32_1.1.100.202309141235/tools/bin/../lib/gcc/arm-none-eabi/11.3.1/thumb/v7-m/nofp/crti.o
 .ARM.attributes
                0x000000000000001d       0x2d C:/ST/STM32CubeIDE_1.14.0/STM32CubeIDE/plugins/com.st.stm32cube.ide.mcu.externaltools.gnu-tools-for-stm32.11.3.rel1.win32_1.1.100.202309141235/tools/bin/../lib/gcc/arm-none-eabi/11.3.1/thumb/v7-m/nofp/crtbegin.o
 .ARM.attributes
                0x000000000000004a       0x2d ./Core/Src/gpio.o
 .ARM.attributes
                0x0000000000000077       0x2d ./Core/Src/main.o
 .ARM.attributes
                0x00000000000000a4       0x2d ./Core/Src/spi.o
 .ARM.attributes
                0x00000000000000d1       0x2d ./Core/Src/spsgrf.o
 .ARM.attributes
                0x00000000000000fe       0x2d ./Core/Src/stm32l4xx_it.o
 .ARM.attributes
                0x000000000000012b       0x2d ./Core/Src/system_stm32l4xx.o
 .ARM.attributes
                0x0000000000000158       0x2d ./Core/Src/usart.o
 .ARM.attributes
                0x0000000000000185       0x21 ./Core/Startup/startup_stm32l476rgtx.o
 .ARM.attributes
                0x00000000000001a6       0x2d ./Drivers/BSP/Components/spirit1/SPIRIT1_Library/Src/SPIRIT_Calibration.o
 .ARM.attributes
                0x00000000000001d3       0x2d ./Drivers/BSP/Components/spirit1/SPIRIT1_Library/Src/SPIRIT_Commands.o
 .ARM.attributes
                0x0000000000000200       0x2d ./Drivers/BSP/Components/spirit1/SPIRIT1_Library/Src/SPIRIT_Gpio.o
 .ARM.attributes
                0x000000000000022d       0x2d ./Drivers/BSP/Components/spirit1/SPIRIT1_Library/Src/SPIRIT_Irq.o
 .ARM.attributes
                0x000000000000025a       0x2d ./Drivers/BSP/Components/spirit1/SPIRIT1_Library/Src/SPIRIT_LinearFifo.o
 .ARM.attributes
                0x0000000000000287       0x2d ./Drivers/BSP/Components/spirit1/SPIRIT1_Library/Src/SPIRIT_Management.o
 .ARM.attributes
                0x00000000000002b4       0x2d ./Drivers/BSP/Components/spirit1/SPIRIT1_Library/Src/SPIRIT_PktBasic.o
 .ARM.attributes
                0x00000000000002e1       0x2d ./Drivers/BSP/Components/spirit1/SPIRIT1_Library/Src/SPIRIT_PktCommon.o
 .ARM.attributes
                0x000000000000030e       0x2d ./Drivers/BSP/Components/spirit1/SPIRIT1_Library/Src/SPIRIT_Qi.o
 .ARM.attributes
                0x000000000000033b       0x2d ./Drivers/BSP/Components/spirit1/SPIRIT1_Library/Src/SPIRIT_Radio.o
 .ARM.attributes
                0x0000000000000368       0x2d ./Drivers/BSP/Components/spirit1/SPIRIT1_Library/Src/SPIRIT_Timer.o
 .ARM.attributes
                0x0000000000000395       0x2d ./Drivers/BSP/Components/spirit1/SPIRIT1_Library/Src/SPIRIT_Types.o
 .ARM.attributes
                0x00000000000003c2       0x2d ./Drivers/BSP/Components/spirit1/radio_target.o
 .ARM.attributes
                0x00000000000003ef       0x2d ./Drivers/STM32L4xx_HAL_Driver/Src/stm32l4xx_hal.o
 .ARM.attributes
                0x000000000000041c       0x2d ./Drivers/STM32L4xx_HAL_Driver/Src/stm32l4xx_hal_cortex.o
 .ARM.attributes
                0x0000000000000449       0x2d ./Drivers/STM32L4xx_HAL_Driver/Src/stm32l4xx_hal_gpio.o
 .ARM.attributes
                0x0000000000000476       0x2d ./Drivers/STM32L4xx_HAL_Driver/Src/stm32l4xx_hal_pwr_ex.o
 .ARM.attributes
                0x00000000000004a3       0x2d ./Drivers/STM32L4xx_HAL_Driver/Src/stm32l4xx_hal_rcc.o
 .ARM.attributes
                0x00000000000004d0       0x2d ./Drivers/STM32L4xx_HAL_Driver/Src/stm32l4xx_hal_spi.o
 .ARM.attributes
                0x00000000000004fd       0x2d ./Drivers/STM32L4xx_HAL_Driver/Src/stm32l4xx_hal_uart.o
 .ARM.attributes
                0x000000000000052a       0x2d C:/ST/STM32CubeIDE_1.14.0/STM32CubeIDE/plugins/com.st.stm32cube.ide.mcu.externaltools.gnu-tools-for-stm32.11.3.rel1.win32_1.1.100.202309141235/tools/bin/../lib/gcc/arm-none-eabi/11.3.1/../../../../arm-none-eabi/lib/thumb/v7-m/nofp\libc_nano.a(libc_a-memset.o)
 .ARM.attributes
                0x0000000000000557       0x2d C:/ST/STM32CubeIDE_1.14.0/STM32CubeIDE/plugins/com.st.stm32cube.ide.mcu.externaltools.gnu-tools-for-stm32.11.3.rel1.win32_1.1.100.202309141235/tools/bin/../lib/gcc/arm-none-eabi/11.3.1/../../../../arm-none-eabi/lib/thumb/v7-m/nofp\libc_nano.a(libc_a-init.o)
 .ARM.attributes
                0x0000000000000584       0x2d C:/ST/STM32CubeIDE_1.14.0/STM32CubeIDE/plugins/com.st.stm32cube.ide.mcu.externaltools.gnu-tools-for-stm32.11.3.rel1.win32_1.1.100.202309141235/tools/bin/../lib/gcc/arm-none-eabi/11.3.1/../../../../arm-none-eabi/lib/thumb/v7-m/nofp\libm.a(libm_a-s_round.o)
 .ARM.attributes
                0x00000000000005b1       0x1d C:/ST/STM32CubeIDE_1.14.0/STM32CubeIDE/plugins/com.st.stm32cube.ide.mcu.externaltools.gnu-tools-for-stm32.11.3.rel1.win32_1.1.100.202309141235/tools/bin/../lib/gcc/arm-none-eabi/11.3.1/thumb/v7-m/nofp\libgcc.a(_arm_addsubdf3.o)
 .ARM.attributes
                0x00000000000005ce       0x1d C:/ST/STM32CubeIDE_1.14.0/STM32CubeIDE/plugins/com.st.stm32cube.ide.mcu.externaltools.gnu-tools-for-stm32.11.3.rel1.win32_1.1.100.202309141235/tools/bin/../lib/gcc/arm-none-eabi/11.3.1/thumb/v7-m/nofp\libgcc.a(_arm_muldivdf3.o)
 .ARM.attributes
                0x00000000000005eb       0x1d C:/ST/STM32CubeIDE_1.14.0/STM32CubeIDE/plugins/com.st.stm32cube.ide.mcu.externaltools.gnu-tools-for-stm32.11.3.rel1.win32_1.1.100.202309141235/tools/bin/../lib/gcc/arm-none-eabi/11.3.1/thumb/v7-m/nofp\libgcc.a(_arm_fixunsdfsi.o)
 .ARM.attributes
                0x0000000000000608       0x1d C:/ST/STM32CubeIDE_1.14.0/STM32CubeIDE/plugins/com.st.stm32cube.ide.mcu.externaltools.gnu-tools-for-stm32.11.3.rel1.win32_1.1.100.202309141235/tools/bin/../lib/gcc/arm-none-eabi/11.3.1/thumb/v7-m/nofp\libgcc.a(_arm_addsubsf3.o)
 .ARM.attributes
                0x0000000000000625       0x1d C:/ST/STM32CubeIDE_1.14.0/STM32CubeIDE/plugins/com.st.stm32cube.ide.mcu.externaltools.gnu-tools-for-stm32.11.3.rel1.win32_1.1.100.202309141235/tools/bin/../lib/gcc/arm-none-eabi/11.3.1/thumb/v7-m/nofp\libgcc.a(_arm_muldivsf3.o)
 .ARM.attributes
                0x0000000000000642       0x1d C:/ST/STM32CubeIDE_1.14.0/STM32CubeIDE/plugins/com.st.stm32cube.ide.mcu.externaltools.gnu-tools-for-stm32.11.3.rel1.win32_1.1.100.202309141235/tools/bin/../lib/gcc/arm-none-eabi/11.3.1/thumb/v7-m/nofp\libgcc.a(_arm_cmpsf2.o)
 .ARM.attributes
                0x000000000000065f       0x1d C:/ST/STM32CubeIDE_1.14.0/STM32CubeIDE/plugins/com.st.stm32cube.ide.mcu.externaltools.gnu-tools-for-stm32.11.3.rel1.win32_1.1.100.202309141235/tools/bin/../lib/gcc/arm-none-eabi/11.3.1/thumb/v7-m/nofp\libgcc.a(_arm_fixsfsi.o)
 .ARM.attributes
                0x000000000000067c       0x1d C:/ST/STM32CubeIDE_1.14.0/STM32CubeIDE/plugins/com.st.stm32cube.ide.mcu.externaltools.gnu-tools-for-stm32.11.3.rel1.win32_1.1.100.202309141235/tools/bin/../lib/gcc/arm-none-eabi/11.3.1/thumb/v7-m/nofp\libgcc.a(_arm_fixunssfsi.o)
 .ARM.attributes
                0x0000000000000699       0x1d C:/ST/STM32CubeIDE_1.14.0/STM32CubeIDE/plugins/com.st.stm32cube.ide.mcu.externaltools.gnu-tools-for-stm32.11.3.rel1.win32_1.1.100.202309141235/tools/bin/../lib/gcc/arm-none-eabi/11.3.1/thumb/v7-m/nofp\libgcc.a(_aeabi_uldivmod.o)
 .ARM.attributes
                0x00000000000006b6       0x2d C:/ST/STM32CubeIDE_1.14.0/STM32CubeIDE/plugins/com.st.stm32cube.ide.mcu.externaltools.gnu-tools-for-stm32.11.3.rel1.win32_1.1.100.202309141235/tools/bin/../lib/gcc/arm-none-eabi/11.3.1/thumb/v7-m/nofp\libgcc.a(_udivmoddi4.o)
 .ARM.attributes
                0x00000000000006e3       0x1d C:/ST/STM32CubeIDE_1.14.0/STM32CubeIDE/plugins/com.st.stm32cube.ide.mcu.externaltools.gnu-tools-for-stm32.11.3.rel1.win32_1.1.100.202309141235/tools/bin/../lib/gcc/arm-none-eabi/11.3.1/thumb/v7-m/nofp\libgcc.a(_dvmd_tls.o)
 .ARM.attributes
                0x0000000000000700       0x1d C:/ST/STM32CubeIDE_1.14.0/STM32CubeIDE/plugins/com.st.stm32cube.ide.mcu.externaltools.gnu-tools-for-stm32.11.3.rel1.win32_1.1.100.202309141235/tools/bin/../lib/gcc/arm-none-eabi/11.3.1/thumb/v7-m/nofp/crtn.o
OUTPUT(spirit1_helloWorld.elf elf32-littlearm)
LOAD linker stubs
LOAD C:/ST/STM32CubeIDE_1.14.0/STM32CubeIDE/plugins/com.st.stm32cube.ide.mcu.externaltools.gnu-tools-for-stm32.11.3.rel1.win32_1.1.100.202309141235/tools/bin/../lib/gcc/arm-none-eabi/11.3.1/../../../../arm-none-eabi/lib/thumb/v7-m/nofp\libc.a
LOAD C:/ST/STM32CubeIDE_1.14.0/STM32CubeIDE/plugins/com.st.stm32cube.ide.mcu.externaltools.gnu-tools-for-stm32.11.3.rel1.win32_1.1.100.202309141235/tools/bin/../lib/gcc/arm-none-eabi/11.3.1/../../../../arm-none-eabi/lib/thumb/v7-m/nofp\libm.a
LOAD C:/ST/STM32CubeIDE_1.14.0/STM32CubeIDE/plugins/com.st.stm32cube.ide.mcu.externaltools.gnu-tools-for-stm32.11.3.rel1.win32_1.1.100.202309141235/tools/bin/../lib/gcc/arm-none-eabi/11.3.1/thumb/v7-m/nofp\libgcc.a

.comment        0x0000000000000000       0x43
 .comment       0x0000000000000000       0x43 C:/ST/STM32CubeIDE_1.14.0/STM32CubeIDE/plugins/com.st.stm32cube.ide.mcu.externaltools.gnu-tools-for-stm32.11.3.rel1.win32_1.1.100.202309141235/tools/bin/../lib/gcc/arm-none-eabi/11.3.1/thumb/v7-m/nofp/crtbegin.o
                                         0x44 (size before relaxing)
 .comment       0x0000000000000043       0x44 ./Core/Src/gpio.o
 .comment       0x0000000000000043       0x44 ./Core/Src/main.o
 .comment       0x0000000000000043       0x44 ./Core/Src/spi.o
 .comment       0x0000000000000043       0x44 ./Core/Src/spsgrf.o
 .comment       0x0000000000000043       0x44 ./Core/Src/stm32l4xx_it.o
 .comment       0x0000000000000043       0x44 ./Core/Src/system_stm32l4xx.o
 .comment       0x0000000000000043       0x44 ./Core/Src/usart.o
 .comment       0x0000000000000043       0x44 ./Drivers/BSP/Components/spirit1/SPIRIT1_Library/Src/SPIRIT_Calibration.o
 .comment       0x0000000000000043       0x44 ./Drivers/BSP/Components/spirit1/SPIRIT1_Library/Src/SPIRIT_Commands.o
 .comment       0x0000000000000043       0x44 ./Drivers/BSP/Components/spirit1/SPIRIT1_Library/Src/SPIRIT_Gpio.o
 .comment       0x0000000000000043       0x44 ./Drivers/BSP/Components/spirit1/SPIRIT1_Library/Src/SPIRIT_Irq.o
 .comment       0x0000000000000043       0x44 ./Drivers/BSP/Components/spirit1/SPIRIT1_Library/Src/SPIRIT_LinearFifo.o
 .comment       0x0000000000000043       0x44 ./Drivers/BSP/Components/spirit1/SPIRIT1_Library/Src/SPIRIT_Management.o
 .comment       0x0000000000000043       0x44 ./Drivers/BSP/Components/spirit1/SPIRIT1_Library/Src/SPIRIT_PktBasic.o
 .comment       0x0000000000000043       0x44 ./Drivers/BSP/Components/spirit1/SPIRIT1_Library/Src/SPIRIT_PktCommon.o
 .comment       0x0000000000000043       0x44 ./Drivers/BSP/Components/spirit1/SPIRIT1_Library/Src/SPIRIT_Qi.o
 .comment       0x0000000000000043       0x44 ./Drivers/BSP/Components/spirit1/SPIRIT1_Library/Src/SPIRIT_Radio.o
 .comment       0x0000000000000043       0x44 ./Drivers/BSP/Components/spirit1/SPIRIT1_Library/Src/SPIRIT_Timer.o
 .comment       0x0000000000000043       0x44 ./Drivers/BSP/Components/spirit1/SPIRIT1_Library/Src/SPIRIT_Types.o
 .comment       0x0000000000000043       0x44 ./Drivers/BSP/Components/spirit1/radio_target.o
 .comment       0x0000000000000043       0x44 ./Drivers/STM32L4xx_HAL_Driver/Src/stm32l4xx_hal.o
 .comment       0x0000000000000043       0x44 ./Drivers/STM32L4xx_HAL_Driver/Src/stm32l4xx_hal_cortex.o
 .comment       0x0000000000000043       0x44 ./Drivers/STM32L4xx_HAL_Driver/Src/stm32l4xx_hal_gpio.o
 .comment       0x0000000000000043       0x44 ./Drivers/STM32L4xx_HAL_Driver/Src/stm32l4xx_hal_pwr_ex.o
 .comment       0x0000000000000043       0x44 ./Drivers/STM32L4xx_HAL_Driver/Src/stm32l4xx_hal_rcc.o
 .comment       0x0000000000000043       0x44 ./Drivers/STM32L4xx_HAL_Driver/Src/stm32l4xx_hal_spi.o
 .comment       0x0000000000000043       0x44 ./Drivers/STM32L4xx_HAL_Driver/Src/stm32l4xx_hal_uart.o

.debug_info     0x0000000000000000    0x1382a
 .debug_info    0x0000000000000000      0x9e0 ./Core/Src/gpio.o
 .debug_info    0x00000000000009e0      0xe13 ./Core/Src/main.o
 .debug_info    0x00000000000017f3      0x997 ./Core/Src/spi.o
 .debug_info    0x000000000000218a      0xde3 ./Core/Src/spsgrf.o
 .debug_info    0x0000000000002f6d      0x113 ./Core/Src/stm32l4xx_it.o
 .debug_info    0x0000000000003080      0x3ae ./Core/Src/system_stm32l4xx.o
 .debug_info    0x000000000000342e      0xad4 ./Core/Src/usart.o
 .debug_info    0x0000000000003f02       0x23 ./Core/Startup/startup_stm32l476rgtx.o
 .debug_info    0x0000000000003f25      0x425 ./Drivers/BSP/Components/spirit1/SPIRIT1_Library/Src/SPIRIT_Calibration.o
 .debug_info    0x000000000000434a      0x22e ./Drivers/BSP/Components/spirit1/SPIRIT1_Library/Src/SPIRIT_Commands.o
 .debug_info    0x0000000000004578      0x702 ./Drivers/BSP/Components/spirit1/SPIRIT1_Library/Src/SPIRIT_Gpio.o
 .debug_info    0x0000000000004c7a      0x7bf ./Drivers/BSP/Components/spirit1/SPIRIT1_Library/Src/SPIRIT_Irq.o
 .debug_info    0x0000000000005439      0x369 ./Drivers/BSP/Components/spirit1/SPIRIT1_Library/Src/SPIRIT_LinearFifo.o
 .debug_info    0x00000000000057a2      0x633 ./Drivers/BSP/Components/spirit1/SPIRIT1_Library/Src/SPIRIT_Management.o
 .debug_info    0x0000000000005dd5      0x7c1 ./Drivers/BSP/Components/spirit1/SPIRIT1_Library/Src/SPIRIT_PktBasic.o
 .debug_info    0x0000000000006596      0xf4e ./Drivers/BSP/Components/spirit1/SPIRIT1_Library/Src/SPIRIT_PktCommon.o
 .debug_info    0x00000000000074e4      0x743 ./Drivers/BSP/Components/spirit1/SPIRIT1_Library/Src/SPIRIT_Qi.o
 .debug_info    0x0000000000007c27     0x1e6a ./Drivers/BSP/Components/spirit1/SPIRIT1_Library/Src/SPIRIT_Radio.o
 .debug_info    0x0000000000009a91      0x808 ./Drivers/BSP/Components/spirit1/SPIRIT1_Library/Src/SPIRIT_Timer.o
 .debug_info    0x000000000000a299      0x1e1 ./Drivers/BSP/Components/spirit1/SPIRIT1_Library/Src/SPIRIT_Types.o
 .debug_info    0x000000000000a47a      0xced ./Drivers/BSP/Components/spirit1/radio_target.o
 .debug_info    0x000000000000b167      0xaeb ./Drivers/STM32L4xx_HAL_Driver/Src/stm32l4xx_hal.o
 .debug_info    0x000000000000bc52      0xd4c ./Drivers/STM32L4xx_HAL_Driver/Src/stm32l4xx_hal_cortex.o
 .debug_info    0x000000000000c99e      0x757 ./Drivers/STM32L4xx_HAL_Driver/Src/stm32l4xx_hal_gpio.o
 .debug_info    0x000000000000d0f5      0x99e ./Drivers/STM32L4xx_HAL_Driver/Src/stm32l4xx_hal_pwr_ex.o
 .debug_info    0x000000000000da93      0xc14 ./Drivers/STM32L4xx_HAL_Driver/Src/stm32l4xx_hal_rcc.o
 .debug_info    0x000000000000e6a7     0x161a ./Drivers/STM32L4xx_HAL_Driver/Src/stm32l4xx_hal_spi.o
 .debug_info    0x000000000000fcc1     0x3b69 ./Drivers/STM32L4xx_HAL_Driver/Src/stm32l4xx_hal_uart.o

.debug_abbrev   0x0000000000000000     0x34a2
 .debug_abbrev  0x0000000000000000      0x1bf ./Core/Src/gpio.o
 .debug_abbrev  0x00000000000001bf      0x269 ./Core/Src/main.o
 .debug_abbrev  0x0000000000000428      0x1f3 ./Core/Src/spi.o
 .debug_abbrev  0x000000000000061b      0x24e ./Core/Src/spsgrf.o
 .debug_abbrev  0x0000000000000869       0x73 ./Core/Src/stm32l4xx_it.o
 .debug_abbrev  0x00000000000008dc      0x11c ./Core/Src/system_stm32l4xx.o
 .debug_abbrev  0x00000000000009f8      0x1f5 ./Core/Src/usart.o
 .debug_abbrev  0x0000000000000bed       0x12 ./Core/Startup/startup_stm32l476rgtx.o
 .debug_abbrev  0x0000000000000bff      0x1aa ./Drivers/BSP/Components/spirit1/SPIRIT1_Library/Src/SPIRIT_Calibration.o
 .debug_abbrev  0x0000000000000da9       0xdf ./Drivers/BSP/Components/spirit1/SPIRIT1_Library/Src/SPIRIT_Commands.o
 .debug_abbrev  0x0000000000000e88      0x1e5 ./Drivers/BSP/Components/spirit1/SPIRIT1_Library/Src/SPIRIT_Gpio.o
 .debug_abbrev  0x000000000000106d      0x1e3 ./Drivers/BSP/Components/spirit1/SPIRIT1_Library/Src/SPIRIT_Irq.o
 .debug_abbrev  0x0000000000001250      0x197 ./Drivers/BSP/Components/spirit1/SPIRIT1_Library/Src/SPIRIT_LinearFifo.o
 .debug_abbrev  0x00000000000013e7      0x234 ./Drivers/BSP/Components/spirit1/SPIRIT1_Library/Src/SPIRIT_Management.o
 .debug_abbrev  0x000000000000161b      0x1e5 ./Drivers/BSP/Components/spirit1/SPIRIT1_Library/Src/SPIRIT_PktBasic.o
 .debug_abbrev  0x0000000000001800      0x1e9 ./Drivers/BSP/Components/spirit1/SPIRIT1_Library/Src/SPIRIT_PktCommon.o
 .debug_abbrev  0x00000000000019e9      0x1b5 ./Drivers/BSP/Components/spirit1/SPIRIT1_Library/Src/SPIRIT_Qi.o
 .debug_abbrev  0x0000000000001b9e      0x2bf ./Drivers/BSP/Components/spirit1/SPIRIT1_Library/Src/SPIRIT_Radio.o
 .debug_abbrev  0x0000000000001e5d      0x1f1 ./Drivers/BSP/Components/spirit1/SPIRIT1_Library/Src/SPIRIT_Timer.o
 .debug_abbrev  0x000000000000204e      0x106 ./Drivers/BSP/Components/spirit1/SPIRIT1_Library/Src/SPIRIT_Types.o
 .debug_abbrev  0x0000000000002154      0x21c ./Drivers/BSP/Components/spirit1/radio_target.o
 .debug_abbrev  0x0000000000002370      0x242 ./Drivers/STM32L4xx_HAL_Driver/Src/stm32l4xx_hal.o
 .debug_abbrev  0x00000000000025b2      0x327 ./Drivers/STM32L4xx_HAL_Driver/Src/stm32l4xx_hal_cortex.o
 .debug_abbrev  0x00000000000028d9      0x1cb ./Drivers/STM32L4xx_HAL_Driver/Src/stm32l4xx_hal_gpio.o
 .debug_abbrev  0x0000000000002aa4      0x1f9 ./Drivers/STM32L4xx_HAL_Driver/Src/stm32l4xx_hal_pwr_ex.o
 .debug_abbrev  0x0000000000002c9d      0x2cb ./Drivers/STM32L4xx_HAL_Driver/Src/stm32l4xx_hal_rcc.o
 .debug_abbrev  0x0000000000002f68      0x26a ./Drivers/STM32L4xx_HAL_Driver/Src/stm32l4xx_hal_spi.o
 .debug_abbrev  0x00000000000031d2      0x2d0 ./Drivers/STM32L4xx_HAL_Driver/Src/stm32l4xx_hal_uart.o

.debug_aranges  0x0000000000000000     0x1388
 .debug_aranges
                0x0000000000000000       0x28 ./Core/Src/gpio.o
 .debug_aranges
                0x0000000000000028       0x40 ./Core/Src/main.o
 .debug_aranges
                0x0000000000000068       0x30 ./Core/Src/spi.o
 .debug_aranges
                0x0000000000000098       0x38 ./Core/Src/spsgrf.o
 .debug_aranges
                0x00000000000000d0       0x60 ./Core/Src/stm32l4xx_it.o
 .debug_aranges
                0x0000000000000130       0x28 ./Core/Src/system_stm32l4xx.o
 .debug_aranges
                0x0000000000000158       0x30 ./Core/Src/usart.o
 .debug_aranges
                0x0000000000000188       0x28 ./Core/Startup/startup_stm32l476rgtx.o
 .debug_aranges
                0x00000000000001b0       0x70 ./Drivers/BSP/Components/spirit1/SPIRIT1_Library/Src/SPIRIT_Calibration.o
 .debug_aranges
                0x0000000000000220       0x20 ./Drivers/BSP/Components/spirit1/SPIRIT1_Library/Src/SPIRIT_Commands.o
 .debug_aranges
                0x0000000000000240       0x78 ./Drivers/BSP/Components/spirit1/SPIRIT1_Library/Src/SPIRIT_Gpio.o
 .debug_aranges
                0x00000000000002b8       0x50 ./Drivers/BSP/Components/spirit1/SPIRIT1_Library/Src/SPIRIT_Irq.o
 .debug_aranges
                0x0000000000000308       0x68 ./Drivers/BSP/Components/spirit1/SPIRIT1_Library/Src/SPIRIT_LinearFifo.o
 .debug_aranges
                0x0000000000000370       0x48 ./Drivers/BSP/Components/spirit1/SPIRIT1_Library/Src/SPIRIT_Management.o
 .debug_aranges
                0x00000000000003b8       0x70 ./Drivers/BSP/Components/spirit1/SPIRIT1_Library/Src/SPIRIT_PktBasic.o
 .debug_aranges
                0x0000000000000428      0x1c8 ./Drivers/BSP/Components/spirit1/SPIRIT1_Library/Src/SPIRIT_PktCommon.o
 .debug_aranges
                0x00000000000005f0       0xc8 ./Drivers/BSP/Components/spirit1/SPIRIT1_Library/Src/SPIRIT_Qi.o
 .debug_aranges
                0x00000000000006b8      0x2f0 ./Drivers/BSP/Components/spirit1/SPIRIT1_Library/Src/SPIRIT_Radio.o
 .debug_aranges
                0x00000000000009a8       0xd0 ./Drivers/BSP/Components/spirit1/SPIRIT1_Library/Src/SPIRIT_Timer.o
 .debug_aranges
                0x0000000000000a78       0x20 ./Drivers/BSP/Components/spirit1/SPIRIT1_Library/Src/SPIRIT_Types.o
 .debug_aranges
                0x0000000000000a98       0x60 ./Drivers/BSP/Components/spirit1/radio_target.o
 .debug_aranges
                0x0000000000000af8      0x130 ./Drivers/STM32L4xx_HAL_Driver/Src/stm32l4xx_hal.o
 .debug_aranges
                0x0000000000000c28      0x118 ./Drivers/STM32L4xx_HAL_Driver/Src/stm32l4xx_hal_cortex.o
 .debug_aranges
                0x0000000000000d40       0x58 ./Drivers/STM32L4xx_HAL_Driver/Src/stm32l4xx_hal_gpio.o
 .debug_aranges
                0x0000000000000d98      0x160 ./Drivers/STM32L4xx_HAL_Driver/Src/stm32l4xx_hal_pwr_ex.o
 .debug_aranges
                0x0000000000000ef8       0x90 ./Drivers/STM32L4xx_HAL_Driver/Src/stm32l4xx_hal_rcc.o
 .debug_aranges
                0x0000000000000f88      0x1d8 ./Drivers/STM32L4xx_HAL_Driver/Src/stm32l4xx_hal_spi.o
 .debug_aranges
                0x0000000000001160      0x228 ./Drivers/STM32L4xx_HAL_Driver/Src/stm32l4xx_hal_uart.o

.debug_rnglists
                0x0000000000000000      0xebb
 .debug_rnglists
                0x0000000000000000       0x1a ./Core/Src/gpio.o
 .debug_rnglists
                0x000000000000001a       0x2e ./Core/Src/main.o
 .debug_rnglists
                0x0000000000000048       0x20 ./Core/Src/spi.o
 .debug_rnglists
                0x0000000000000068       0x26 ./Core/Src/spsgrf.o
 .debug_rnglists
                0x000000000000008e       0x43 ./Core/Src/stm32l4xx_it.o
 .debug_rnglists
                0x00000000000000d1       0x1a ./Core/Src/system_stm32l4xx.o
 .debug_rnglists
                0x00000000000000eb       0x20 ./Core/Src/usart.o
 .debug_rnglists
                0x000000000000010b       0x19 ./Core/Startup/startup_stm32l476rgtx.o
 .debug_rnglists
                0x0000000000000124       0x50 ./Drivers/BSP/Components/spirit1/SPIRIT1_Library/Src/SPIRIT_Calibration.o
 .debug_rnglists
                0x0000000000000174       0x13 ./Drivers/BSP/Components/spirit1/SPIRIT1_Library/Src/SPIRIT_Commands.o
 .debug_rnglists
                0x0000000000000187       0x57 ./Drivers/BSP/Components/spirit1/SPIRIT1_Library/Src/SPIRIT_Gpio.o
 .debug_rnglists
                0x00000000000001de       0x38 ./Drivers/BSP/Components/spirit1/SPIRIT1_Library/Src/SPIRIT_Irq.o
 .debug_rnglists
                0x0000000000000216       0x49 ./Drivers/BSP/Components/spirit1/SPIRIT1_Library/Src/SPIRIT_LinearFifo.o
 .debug_rnglists
                0x000000000000025f       0x33 ./Drivers/BSP/Components/spirit1/SPIRIT1_Library/Src/SPIRIT_Management.o
 .debug_rnglists
                0x0000000000000292       0x55 ./Drivers/BSP/Components/spirit1/SPIRIT1_Library/Src/SPIRIT_PktBasic.o
 .debug_rnglists
                0x00000000000002e7      0x153 ./Drivers/BSP/Components/spirit1/SPIRIT1_Library/Src/SPIRIT_PktCommon.o
 .debug_rnglists
                0x000000000000043a       0x91 ./Drivers/BSP/Components/spirit1/SPIRIT1_Library/Src/SPIRIT_Qi.o
 .debug_rnglists
                0x00000000000004cb      0x243 ./Drivers/BSP/Components/spirit1/SPIRIT1_Library/Src/SPIRIT_Radio.o
 .debug_rnglists
                0x000000000000070e       0x9d ./Drivers/BSP/Components/spirit1/SPIRIT1_Library/Src/SPIRIT_Timer.o
 .debug_rnglists
                0x00000000000007ab       0x13 ./Drivers/BSP/Components/spirit1/SPIRIT1_Library/Src/SPIRIT_Types.o
 .debug_rnglists
                0x00000000000007be       0x48 ./Drivers/BSP/Components/spirit1/radio_target.o
 .debug_rnglists
                0x0000000000000806       0xdf ./Drivers/STM32L4xx_HAL_Driver/Src/stm32l4xx_hal.o
 .debug_rnglists
                0x00000000000008e5       0xce ./Drivers/STM32L4xx_HAL_Driver/Src/stm32l4xx_hal_cortex.o
 .debug_rnglists
                0x00000000000009b3       0x3f ./Drivers/STM32L4xx_HAL_Driver/Src/stm32l4xx_hal_gpio.o
 .debug_rnglists
                0x00000000000009f2      0x109 ./Drivers/STM32L4xx_HAL_Driver/Src/stm32l4xx_hal_pwr_ex.o
 .debug_rnglists
                0x0000000000000afb       0x6d ./Drivers/STM32L4xx_HAL_Driver/Src/stm32l4xx_hal_rcc.o
 .debug_rnglists
                0x0000000000000b68      0x178 ./Drivers/STM32L4xx_HAL_Driver/Src/stm32l4xx_hal_spi.o
 .debug_rnglists
                0x0000000000000ce0      0x1db ./Drivers/STM32L4xx_HAL_Driver/Src/stm32l4xx_hal_uart.o

.debug_macro    0x0000000000000000    0x29477
 .debug_macro   0x0000000000000000      0x1da ./Core/Src/gpio.o
 .debug_macro   0x00000000000001da      0xa9c ./Core/Src/gpio.o
 .debug_macro   0x0000000000000c76      0x1a7 ./Core/Src/gpio.o
 .debug_macro   0x0000000000000e1d       0x34 ./Core/Src/gpio.o
 .debug_macro   0x0000000000000e51       0x28 ./Core/Src/gpio.o
 .debug_macro   0x0000000000000e79       0x22 ./Core/Src/gpio.o
 .debug_macro   0x0000000000000e9b       0x8e ./Core/Src/gpio.o
 .debug_macro   0x0000000000000f29       0x51 ./Core/Src/gpio.o
 .debug_macro   0x0000000000000f7a      0x103 ./Core/Src/gpio.o
 .debug_macro   0x000000000000107d       0x6a ./Core/Src/gpio.o
 .debug_macro   0x00000000000010e7      0x1df ./Core/Src/gpio.o
 .debug_macro   0x00000000000012c6       0x1c ./Core/Src/gpio.o
 .debug_macro   0x00000000000012e2       0x22 ./Core/Src/gpio.o
 .debug_macro   0x0000000000001304       0xbd ./Core/Src/gpio.o
 .debug_macro   0x00000000000013c1     0x102d ./Core/Src/gpio.o
 .debug_macro   0x00000000000023ee      0x11f ./Core/Src/gpio.o
 .debug_macro   0x000000000000250d    0x1a17a ./Core/Src/gpio.o
 .debug_macro   0x000000000001c687       0x6d ./Core/Src/gpio.o
 .debug_macro   0x000000000001c6f4     0x38e6 ./Core/Src/gpio.o
 .debug_macro   0x000000000001ffda      0x174 ./Core/Src/gpio.o
 .debug_macro   0x000000000002014e       0x5c ./Core/Src/gpio.o
 .debug_macro   0x00000000000201aa     0x159e ./Core/Src/gpio.o
 .debug_macro   0x0000000000021748      0x5a5 ./Core/Src/gpio.o
 .debug_macro   0x0000000000021ced      0x1b9 ./Core/Src/gpio.o
 .debug_macro   0x0000000000021ea6      0x18b ./Core/Src/gpio.o
 .debug_macro   0x0000000000022031      0x26b ./Core/Src/gpio.o
 .debug_macro   0x000000000002229c      0x23d ./Core/Src/gpio.o
 .debug_macro   0x00000000000224d9      0x241 ./Core/Src/gpio.o
 .debug_macro   0x000000000002271a      0x37c ./Core/Src/gpio.o
 .debug_macro   0x0000000000022a96       0xd6 ./Core/Src/gpio.o
 .debug_macro   0x0000000000022b6c      0x122 ./Core/Src/gpio.o
 .debug_macro   0x0000000000022c8e      0x3ef ./Core/Src/gpio.o
 .debug_macro   0x000000000002307d      0x2fe ./Core/Src/gpio.o
 .debug_macro   0x000000000002337b      0x5cf ./Core/Src/gpio.o
 .debug_macro   0x000000000002394a       0x44 ./Core/Src/gpio.o
 .debug_macro   0x000000000002398e      0x330 ./Core/Src/gpio.o
 .debug_macro   0x0000000000023cbe       0x76 ./Core/Src/gpio.o
 .debug_macro   0x0000000000023d34      0x3af ./Core/Src/main.o
 .debug_macro   0x00000000000240e3       0x61 ./Core/Src/main.o
 .debug_macro   0x0000000000024144       0x24 ./Core/Src/main.o
 .debug_macro   0x0000000000024168       0x43 ./Core/Src/main.o
 .debug_macro   0x00000000000241ab       0x34 ./Core/Src/main.o
 .debug_macro   0x00000000000241df       0x16 ./Core/Src/main.o
 .debug_macro   0x00000000000241f5       0x35 ./Core/Src/main.o
 .debug_macro   0x000000000002422a      0x369 ./Core/Src/main.o
 .debug_macro   0x0000000000024593       0x10 ./Core/Src/main.o
 .debug_macro   0x00000000000245a3       0x16 ./Core/Src/main.o
 .debug_macro   0x00000000000245b9       0x43 ./Core/Src/main.o
 .debug_macro   0x00000000000245fc       0x34 ./Core/Src/main.o
 .debug_macro   0x0000000000024630       0x10 ./Core/Src/main.o
 .debug_macro   0x0000000000024640       0x58 ./Core/Src/main.o
 .debug_macro   0x0000000000024698       0x8e ./Core/Src/main.o
 .debug_macro   0x0000000000024726       0x1c ./Core/Src/main.o
 .debug_macro   0x0000000000024742      0x177 ./Core/Src/main.o
 .debug_macro   0x00000000000248b9       0x16 ./Core/Src/main.o
 .debug_macro   0x00000000000248cf       0x16 ./Core/Src/main.o
 .debug_macro   0x00000000000248e5      0x147 ./Core/Src/main.o
 .debug_macro   0x0000000000024a2c      0xef6 ./Core/Src/main.o
 .debug_macro   0x0000000000025922       0x24 ./Core/Src/main.o
 .debug_macro   0x0000000000025946       0x10 ./Core/Src/main.o
 .debug_macro   0x0000000000025956       0x87 ./Core/Src/main.o
 .debug_macro   0x00000000000259dd       0x2c ./Core/Src/main.o
 .debug_macro   0x0000000000025a09       0x16 ./Core/Src/main.o
 .debug_macro   0x0000000000025a1f       0x2a ./Core/Src/main.o
 .debug_macro   0x0000000000025a49       0x39 ./Core/Src/main.o
 .debug_macro   0x0000000000025a82       0x12 ./Core/Src/main.o
 .debug_macro   0x0000000000025a94       0x41 ./Core/Src/main.o
 .debug_macro   0x0000000000025ad5       0x10 ./Core/Src/main.o
 .debug_macro   0x0000000000025ae5       0x57 ./Core/Src/main.o
 .debug_macro   0x0000000000025b3c      0x170 ./Core/Src/main.o
 .debug_macro   0x0000000000025cac       0x10 ./Core/Src/main.o
 .debug_macro   0x0000000000025cbc      0x1d8 ./Core/Src/main.o
 .debug_macro   0x0000000000025e94       0x33 ./Core/Src/main.o
 .debug_macro   0x0000000000025ec7      0x1b5 ./Core/Src/main.o
 .debug_macro   0x000000000002607c       0x42 ./Core/Src/main.o
 .debug_macro   0x00000000000260be       0xbe ./Core/Src/main.o
 .debug_macro   0x000000000002617c      0x1da ./Core/Src/spi.o
 .debug_macro   0x0000000000026356      0x22b ./Core/Src/spsgrf.o
 .debug_macro   0x0000000000026581       0x97 ./Core/Src/spsgrf.o
 .debug_macro   0x0000000000026618       0xfd ./Core/Src/spsgrf.o
 .debug_macro   0x0000000000026715       0x1e ./Core/Src/spsgrf.o
 .debug_macro   0x0000000000026733      0x1da ./Core/Src/stm32l4xx_it.o
 .debug_macro   0x000000000002690d      0x1c1 ./Core/Src/system_stm32l4xx.o
 .debug_macro   0x0000000000026ace      0x1da ./Core/Src/usart.o
 .debug_macro   0x0000000000026ca8      0x171 ./Drivers/BSP/Components/spirit1/SPIRIT1_Library/Src/SPIRIT_Calibration.o
 .debug_macro   0x0000000000026e19      0x170 ./Drivers/BSP/Components/spirit1/SPIRIT1_Library/Src/SPIRIT_Commands.o
 .debug_macro   0x0000000000026f89       0x81 ./Drivers/BSP/Components/spirit1/SPIRIT1_Library/Src/SPIRIT_Commands.o
 .debug_macro   0x000000000002700a      0x170 ./Drivers/BSP/Components/spirit1/SPIRIT1_Library/Src/SPIRIT_Gpio.o
 .debug_macro   0x000000000002717a       0x33 ./Drivers/BSP/Components/spirit1/SPIRIT1_Library/Src/SPIRIT_Gpio.o
 .debug_macro   0x00000000000271ad      0x1a5 ./Drivers/BSP/Components/spirit1/SPIRIT1_Library/Src/SPIRIT_Irq.o
 .debug_macro   0x0000000000027352       0x16 ./Drivers/BSP/Components/spirit1/SPIRIT1_Library/Src/SPIRIT_Irq.o
 .debug_macro   0x0000000000027368       0x20 ./Drivers/BSP/Components/spirit1/SPIRIT1_Library/Src/SPIRIT_Irq.o
 .debug_macro   0x0000000000027388      0x171 ./Drivers/BSP/Components/spirit1/SPIRIT1_Library/Src/SPIRIT_LinearFifo.o
 .debug_macro   0x00000000000274f9      0x232 ./Drivers/BSP/Components/spirit1/SPIRIT1_Library/Src/SPIRIT_Management.o
 .debug_macro   0x000000000002772b      0x179 ./Drivers/BSP/Components/spirit1/SPIRIT1_Library/Src/SPIRIT_PktBasic.o
 .debug_macro   0x00000000000278a4      0x170 ./Drivers/BSP/Components/spirit1/SPIRIT1_Library/Src/SPIRIT_PktCommon.o
 .debug_macro   0x0000000000027a14       0x51 ./Drivers/BSP/Components/spirit1/SPIRIT1_Library/Src/SPIRIT_PktCommon.o
 .debug_macro   0x0000000000027a65      0x170 ./Drivers/BSP/Components/spirit1/SPIRIT1_Library/Src/SPIRIT_Qi.o
 .debug_macro   0x0000000000027bd5       0x2d ./Drivers/BSP/Components/spirit1/SPIRIT1_Library/Src/SPIRIT_Qi.o
 .debug_macro   0x0000000000027c02      0x243 ./Drivers/BSP/Components/spirit1/SPIRIT1_Library/Src/SPIRIT_Radio.o
 .debug_macro   0x0000000000027e45      0x19b ./Drivers/BSP/Components/spirit1/SPIRIT1_Library/Src/SPIRIT_Radio.o
 .debug_macro   0x0000000000027fe0      0x22e ./Drivers/BSP/Components/spirit1/SPIRIT1_Library/Src/SPIRIT_Timer.o
 .debug_macro   0x000000000002820e       0x3b ./Drivers/BSP/Components/spirit1/SPIRIT1_Library/Src/SPIRIT_Timer.o
 .debug_macro   0x0000000000028249      0x16b ./Drivers/BSP/Components/spirit1/SPIRIT1_Library/Src/SPIRIT_Types.o
 .debug_macro   0x00000000000283b4       0x3c ./Drivers/BSP/Components/spirit1/SPIRIT1_Library/Src/SPIRIT_Types.o
 .debug_macro   0x00000000000283f0      0x31e ./Drivers/BSP/Components/spirit1/radio_target.o
 .debug_macro   0x000000000002870e       0x34 ./Drivers/BSP/Components/spirit1/radio_target.o
 .debug_macro   0x0000000000028742      0x20f ./Drivers/STM32L4xx_HAL_Driver/Src/stm32l4xx_hal.o
 .debug_macro   0x0000000000028951      0x1c1 ./Drivers/STM32L4xx_HAL_Driver/Src/stm32l4xx_hal_cortex.o
 .debug_macro   0x0000000000028b12      0x1c8 ./Drivers/STM32L4xx_HAL_Driver/Src/stm32l4xx_hal_gpio.o
 .debug_macro   0x0000000000028cda      0x1e5 ./Drivers/STM32L4xx_HAL_Driver/Src/stm32l4xx_hal_pwr_ex.o
 .debug_macro   0x0000000000028ebf      0x203 ./Drivers/STM32L4xx_HAL_Driver/Src/stm32l4xx_hal_rcc.o
 .debug_macro   0x00000000000290c2      0x1c9 ./Drivers/STM32L4xx_HAL_Driver/Src/stm32l4xx_hal_spi.o
 .debug_macro   0x000000000002928b      0x1ec ./Drivers/STM32L4xx_HAL_Driver/Src/stm32l4xx_hal_uart.o

.debug_line     0x0000000000000000    0x15c88
 .debug_line    0x0000000000000000      0x7bc ./Core/Src/gpio.o
 .debug_line    0x00000000000007bc      0xc1f ./Core/Src/main.o
 .debug_line    0x00000000000013db      0x7d3 ./Core/Src/spi.o
 .debug_line    0x0000000000001bae      0x8a2 ./Core/Src/spsgrf.o
 .debug_line    0x0000000000002450      0x812 ./Core/Src/stm32l4xx_it.o
 .debug_line    0x0000000000002c62      0x7e4 ./Core/Src/system_stm32l4xx.o
 .debug_line    0x0000000000003446      0x7b9 ./Core/Src/usart.o
 .debug_line    0x0000000000003bff       0x7a ./Core/Startup/startup_stm32l476rgtx.o
 .debug_line    0x0000000000003c79      0x800 ./Drivers/BSP/Components/spirit1/SPIRIT1_Library/Src/SPIRIT_Calibration.o
 .debug_line    0x0000000000004479      0x68e ./Drivers/BSP/Components/spirit1/SPIRIT1_Library/Src/SPIRIT_Commands.o
 .debug_line    0x0000000000004b07      0x824 ./Drivers/BSP/Components/spirit1/SPIRIT1_Library/Src/SPIRIT_Gpio.o
 .debug_line    0x000000000000532b      0x8bb ./Drivers/BSP/Components/spirit1/SPIRIT1_Library/Src/SPIRIT_Irq.o
 .debug_line    0x0000000000005be6      0x796 ./Drivers/BSP/Components/spirit1/SPIRIT1_Library/Src/SPIRIT_LinearFifo.o
 .debug_line    0x000000000000637c      0xa2e ./Drivers/BSP/Components/spirit1/SPIRIT1_Library/Src/SPIRIT_Management.o
 .debug_line    0x0000000000006daa      0xa21 ./Drivers/BSP/Components/spirit1/SPIRIT1_Library/Src/SPIRIT_PktBasic.o
 .debug_line    0x00000000000077cb      0xee8 ./Drivers/BSP/Components/spirit1/SPIRIT1_Library/Src/SPIRIT_PktCommon.o
 .debug_line    0x00000000000086b3      0x906 ./Drivers/BSP/Components/spirit1/SPIRIT1_Library/Src/SPIRIT_Qi.o
 .debug_line    0x0000000000008fb9     0x1cae ./Drivers/BSP/Components/spirit1/SPIRIT1_Library/Src/SPIRIT_Radio.o
 .debug_line    0x000000000000ac67      0xbef ./Drivers/BSP/Components/spirit1/SPIRIT1_Library/Src/SPIRIT_Timer.o
 .debug_line    0x000000000000b856      0x6b2 ./Drivers/BSP/Components/spirit1/SPIRIT1_Library/Src/SPIRIT_Types.o
 .debug_line    0x000000000000bf08      0xaf6 ./Drivers/BSP/Components/spirit1/radio_target.o
 .debug_line    0x000000000000c9fe      0xb3f ./Drivers/STM32L4xx_HAL_Driver/Src/stm32l4xx_hal.o
 .debug_line    0x000000000000d53d      0xce0 ./Drivers/STM32L4xx_HAL_Driver/Src/stm32l4xx_hal_cortex.o
 .debug_line    0x000000000000e21d      0xbb3 ./Drivers/STM32L4xx_HAL_Driver/Src/stm32l4xx_hal_gpio.o
 .debug_line    0x000000000000edd0      0xd37 ./Drivers/STM32L4xx_HAL_Driver/Src/stm32l4xx_hal_pwr_ex.o
 .debug_line    0x000000000000fb07      0xfb6 ./Drivers/STM32L4xx_HAL_Driver/Src/stm32l4xx_hal_rcc.o
 .debug_line    0x0000000000010abd     0x1fac ./Drivers/STM32L4xx_HAL_Driver/Src/stm32l4xx_hal_spi.o
 .debug_line    0x0000000000012a69     0x321f ./Drivers/STM32L4xx_HAL_Driver/Src/stm32l4xx_hal_uart.o

.debug_str      0x0000000000000000    0xf8c02
 .debug_str     0x0000000000000000    0xe2a18 ./Core/Src/gpio.o
                                      0xe2d9b (size before relaxing)
 .debug_str     0x00000000000e2a18     0xf5ea ./Core/Src/main.o
                                      0xf1d13 (size before relaxing)
 .debug_str     0x00000000000f2002      0x1da ./Core/Src/spi.o
                                      0xe2bf7 (size before relaxing)
 .debug_str     0x00000000000f21dc     0x1174 ./Core/Src/spsgrf.o
                                      0x14426 (size before relaxing)
 .debug_str     0x00000000000f3350       0xc9 ./Core/Src/stm32l4xx_it.o
                                      0xe2634 (size before relaxing)
 .debug_str     0x00000000000f3419       0x9e ./Core/Src/system_stm32l4xx.o
                                      0xe2598 (size before relaxing)
 .debug_str     0x00000000000f34b7       0x51 ./Core/Src/usart.o
                                      0xe2c47 (size before relaxing)
 .debug_str     0x00000000000f3508       0x34 ./Core/Startup/startup_stm32l476rgtx.o
                                         0xa4 (size before relaxing)
 .debug_str     0x00000000000f353c      0x1fc ./Drivers/BSP/Components/spirit1/SPIRIT1_Library/Src/SPIRIT_Calibration.o
                                       0xcc33 (size before relaxing)
 .debug_str     0x00000000000f3738       0x6c ./Drivers/BSP/Components/spirit1/SPIRIT1_Library/Src/SPIRIT_Commands.o
                                       0xd101 (size before relaxing)