../Drivers/BSP/Components/spirit1/SPIRIT1_Library/Src/SPIRIT_Gpio.c:119:6:SpiritGpioInit	24	static
../Drivers/BSP/Components/spirit1/SPIRIT1_Library/Src/SPIRIT_Gpio.c:141:6:SpiritGpioTemperatureSensor	24	static
../Drivers/BSP/Components/spirit1/SPIRIT1_Library/Src/SPIRIT_Gpio.c:181:6:SpiritGpioSetLevel	24	static
../Drivers/BSP/Components/spirit1/SPIRIT1_Library/Src/SPIRIT_Gpio.c:220:13:SpiritGpioGetLevel	24	static
../Drivers/BSP/Components/spirit1/SPIRIT1_Library/Src/SPIRIT_Gpio.c:253:6:SpiritGpioClockOutput	24	static
../Drivers/BSP/Components/spirit1/SPIRIT1_Library/Src/SPIRIT_Gpio.c:287:6:SpiritGpioClockOutputInit	24	static
../Drivers/BSP/Components/spirit1/SPIRIT1_Library/Src/SPIRIT_Gpio.c:312:6:SpiritGpioSetXOPrescaler	24	static
../Drivers/BSP/Components/spirit1/SPIRIT1_Library/Src/SPIRIT_Gpio.c:338:24:SpiritGpioGetXOPrescaler	16	static
../Drivers/BSP/Components/spirit1/SPIRIT1_Library/Src/SPIRIT_Gpio.c:357:6:SpiritGpioSetRCOPrescaler	24	static
../Drivers/BSP/Components/spirit1/SPIRIT1_Library/Src/SPIRIT_Gpio.c:383:25:SpiritGpioGetRCOPrescaler	16	static
../Drivers/BSP/Components/spirit1/SPIRIT1_Library/Src/SPIRIT_Gpio.c:402:6:SpiritGpioSetExtraClockCycles	24	static
../Drivers/BSP/Components/spirit1/SPIRIT1_Library/Src/SPIRIT_Gpio.c:429:18:SpiritGpioGetExtraClockCycles	16	static
