../Drivers/BSP/Components/spirit1/SPIRIT1_Library/Src/SPIRIT_PktMbus.c:118:6:SpiritPktMbusInit	24	static
../Drivers/BSP/Components/spirit1/SPIRIT1_Library/Src/SPIRIT_PktMbus.c:146:6:SpiritPktMbusGetInfo	24	static
../Drivers/BSP/Components/spirit1/SPIRIT1_Library/Src/SPIRIT_PktMbus.c:166:6:SpiritPktMbusSetFormat	16	static
../Drivers/BSP/Components/spirit1/SPIRIT1_Library/Src/SPIRIT_PktMbus.c:208:6:SpiritPktMbusSetPreamble	16	static
../Drivers/BSP/Components/spirit1/SPIRIT1_Library/Src/SPIRIT_PktMbus.c:222:9:SpiritPktMbusGetPreamble	16	static
../Drivers/BSP/Components/spirit1/SPIRIT1_Library/Src/SPIRIT_PktMbus.c:241:6:SpiritPktMbusSetPostamble	16	static
../Drivers/BSP/Components/spirit1/SPIRIT1_Library/Src/SPIRIT_PktMbus.c:254:9:SpiritPktMbusGetPostamble	16	static
../Drivers/BSP/Components/spirit1/SPIRIT1_Library/Src/SPIRIT_PktMbus.c:273:6:SpiritPktMbusSetSubmode	16	static
../Drivers/BSP/Components/spirit1/SPIRIT1_Library/Src/SPIRIT_PktMbus.c:286:13:SpiritPktMbusGetSubmode	16	static
../Drivers/BSP/Components/spirit1/SPIRIT1_Library/Src/SPIRIT_PktMbus.c:305:6:SpiritPktMbusSetPayloadLength	24	static
../Drivers/BSP/Components/spirit1/SPIRIT1_Library/Src/SPIRIT_PktMbus.c:325:10:SpiritPktMbusGetPayloadLength	16	static
