../Drivers/BSP/Components/spirit1/SPIRIT1_Library/Src/SPIRIT_PktCommon.c:118:6:SpiritPktCommonSetControlLength	24	static
../Drivers/BSP/Components/spirit1/SPIRIT1_Library/Src/SPIRIT_PktCommon.c:143:9:SpiritPktCommonGetControlLength	16	static
../Drivers/BSP/Components/spirit1/SPIRIT1_Library/Src/SPIRIT_PktCommon.c:162:6:SpiritPktCommonSetPreambleLength	24	static
../Drivers/BSP/Components/spirit1/SPIRIT1_Library/Src/SPIRIT_PktCommon.c:187:9:SpiritPktCommonGetPreambleLength	16	static
../Drivers/BSP/Components/spirit1/SPIRIT1_Library/Src/SPIRIT_PktCommon.c:206:6:SpiritPktCommonSetSyncLength	24	static
../Drivers/BSP/Components/spirit1/SPIRIT1_Library/Src/SPIRIT_PktCommon.c:231:9:SpiritPktCommonGetSyncLength	16	static
../Drivers/BSP/Components/spirit1/SPIRIT1_Library/Src/SPIRIT_PktCommon.c:251:6:SpiritPktCommonSetFixVarLength	24	static
../Drivers/BSP/Components/spirit1/SPIRIT1_Library/Src/SPIRIT_PktCommon.c:277:6:SpiritPktCommonFilterOnCrc	24	static
../Drivers/BSP/Components/spirit1/SPIRIT1_Library/Src/SPIRIT_PktCommon.c:308:23:SpiritPktCommonGetFilterOnCrc	16	static
../Drivers/BSP/Components/spirit1/SPIRIT1_Library/Src/SPIRIT_PktCommon.c:335:6:SpiritPktCommonSetCrcMode	24	static
../Drivers/BSP/Components/spirit1/SPIRIT1_Library/Src/SPIRIT_PktCommon.c:360:12:SpiritPktCommonGetCrcMode	16	static
../Drivers/BSP/Components/spirit1/SPIRIT1_Library/Src/SPIRIT_PktCommon.c:379:6:SpiritPktCommonWhitening	24	static
../Drivers/BSP/Components/spirit1/SPIRIT1_Library/Src/SPIRIT_PktCommon.c:411:6:SpiritPktCommonFec	24	static
../Drivers/BSP/Components/spirit1/SPIRIT1_Library/Src/SPIRIT_PktCommon.c:445:6:SpiritPktCommonSetSyncxWord	24	static
../Drivers/BSP/Components/spirit1/SPIRIT1_Library/Src/SPIRIT_PktCommon.c:481:9:SpiritPktCommonGetSyncxWord	24	static
../Drivers/BSP/Components/spirit1/SPIRIT1_Library/Src/SPIRIT_PktCommon.c:520:6:SpiritPktCommonSetSyncWords	24	static
../Drivers/BSP/Components/spirit1/SPIRIT1_Library/Src/SPIRIT_PktCommon.c:551:10:SpiritPktCommonGetSyncWords	32	static
../Drivers/BSP/Components/spirit1/SPIRIT1_Library/Src/SPIRIT_PktCommon.c:579:9:SpiritPktCommonGetVarLengthWidth	16	static
../Drivers/BSP/Components/spirit1/SPIRIT1_Library/Src/SPIRIT_PktCommon.c:598:6:SpiritPktCommonSetDestinationAddress	16	static
../Drivers/BSP/Components/spirit1/SPIRIT1_Library/Src/SPIRIT_PktCommon.c:611:9:SpiritPktCommonGetTransmittedDestAddress	16	static
../Drivers/BSP/Components/spirit1/SPIRIT1_Library/Src/SPIRIT_PktCommon.c:631:6:SpiritPktCommonSetMyAddress	16	static
../Drivers/BSP/Components/spirit1/SPIRIT1_Library/Src/SPIRIT_PktCommon.c:644:9:SpiritPktCommonGetMyAddress	16	static
../Drivers/BSP/Components/spirit1/SPIRIT1_Library/Src/SPIRIT_PktCommon.c:664:6:SpiritPktCommonSetBroadcastAddress	16	static
../Drivers/BSP/Components/spirit1/SPIRIT1_Library/Src/SPIRIT_PktCommon.c:677:9:SpiritPktCommonGetBroadcastAddress	16	static
../Drivers/BSP/Components/spirit1/SPIRIT1_Library/Src/SPIRIT_PktCommon.c:697:6:SpiritPktCommonSetMulticastAddress	16	static
../Drivers/BSP/Components/spirit1/SPIRIT1_Library/Src/SPIRIT_PktCommon.c:710:9:SpiritPktCommonGetMulticastAddress	16	static
../Drivers/BSP/Components/spirit1/SPIRIT1_Library/Src/SPIRIT_PktCommon.c:730:6:SpiritPktCommonSetCtrlMask	24	static
../Drivers/BSP/Components/spirit1/SPIRIT1_Library/Src/SPIRIT_PktCommon.c:752:10:SpiritPktCommonGetCtrlMask	24	static
../Drivers/BSP/Components/spirit1/SPIRIT1_Library/Src/SPIRIT_PktCommon.c:778:6:SpiritPktCommonSetCtrlReference	24	static
../Drivers/BSP/Components/spirit1/SPIRIT1_Library/Src/SPIRIT_PktCommon.c:799:10:SpiritPktCommonGetCtrlReference	24	static
../Drivers/BSP/Components/spirit1/SPIRIT1_Library/Src/SPIRIT_PktCommon.c:824:6:SpiritPktCommonSetTransmittedCtrlField	24	static
../Drivers/BSP/Components/spirit1/SPIRIT1_Library/Src/SPIRIT_PktCommon.c:845:10:SpiritPktCommonGetTransmittedCtrlField	24	static
../Drivers/BSP/Components/spirit1/SPIRIT1_Library/Src/SPIRIT_PktCommon.c:871:6:SpiritPktCommonFilterOnMyAddress	24	static
../Drivers/BSP/Components/spirit1/SPIRIT1_Library/Src/SPIRIT_PktCommon.c:904:6:SpiritPktCommonFilterOnMulticastAddress	24	static
../Drivers/BSP/Components/spirit1/SPIRIT1_Library/Src/SPIRIT_PktCommon.c:936:6:SpiritPktCommonFilterOnBroadcastAddress	24	static
../Drivers/BSP/Components/spirit1/SPIRIT1_Library/Src/SPIRIT_PktCommon.c:967:23:SpiritPktCommonGetFilterOnMyAddress	16	static
../Drivers/BSP/Components/spirit1/SPIRIT1_Library/Src/SPIRIT_PktCommon.c:991:23:SpiritPktCommonGetFilterOnMulticastAddress	16	static
../Drivers/BSP/Components/spirit1/SPIRIT1_Library/Src/SPIRIT_PktCommon.c:1015:23:SpiritPktCommonGetFilterOnBroadcastAddress	16	static
../Drivers/BSP/Components/spirit1/SPIRIT1_Library/Src/SPIRIT_PktCommon.c:1040:9:SpiritPktCommonGetReceivedDestAddress	16	static
../Drivers/BSP/Components/spirit1/SPIRIT1_Library/Src/SPIRIT_PktCommon.c:1058:10:SpiritPktCommonGetReceivedCtrlField	24	static
../Drivers/BSP/Components/spirit1/SPIRIT1_Library/Src/SPIRIT_PktCommon.c:1083:6:SpiritPktCommonGetReceivedCrcField	24	static
../Drivers/BSP/Components/spirit1/SPIRIT1_Library/Src/SPIRIT_PktCommon.c:1128:6:SpiritPktCommonAutoAck	24	static
../Drivers/BSP/Components/spirit1/SPIRIT1_Library/Src/SPIRIT_PktCommon.c:1176:6:SpiritPktCommonRequireAck	24	static
../Drivers/BSP/Components/spirit1/SPIRIT1_Library/Src/SPIRIT_PktCommon.c:1207:6:SpiritPktCommonSetTransmittedSeqNumberReload	24	static
../Drivers/BSP/Components/spirit1/SPIRIT1_Library/Src/SPIRIT_PktCommon.c:1231:6:SpiritPktCommonSetNMaxReTx	24	static
../Drivers/BSP/Components/spirit1/SPIRIT1_Library/Src/SPIRIT_PktCommon.c:1257:9:SpiritPktCommonGetNMaxReTx	16	static
../Drivers/BSP/Components/spirit1/SPIRIT1_Library/Src/SPIRIT_PktCommon.c:1275:23:SpiritPktCommonGetTxAckRequest	16	static
../Drivers/BSP/Components/spirit1/SPIRIT1_Library/Src/SPIRIT_PktCommon.c:1293:9:SpiritPktCommonGetReceivedSourceAddress	16	static
../Drivers/BSP/Components/spirit1/SPIRIT1_Library/Src/SPIRIT_PktCommon.c:1311:9:SpiritPktCommonGetReceivedSeqNumber	16	static
../Drivers/BSP/Components/spirit1/SPIRIT1_Library/Src/SPIRIT_PktCommon.c:1329:9:SpiritPktCommonGetReceivedNackRx	16	static
../Drivers/BSP/Components/spirit1/SPIRIT1_Library/Src/SPIRIT_PktCommon.c:1347:9:SpiritPktCommonGetTransmittedSeqNumber	16	static
../Drivers/BSP/Components/spirit1/SPIRIT1_Library/Src/SPIRIT_PktCommon.c:1365:9:SpiritPktCommonGetNReTx	16	static
../Drivers/BSP/Components/spirit1/SPIRIT1_Library/Src/SPIRIT_PktCommon.c:1388:6:SpiritPktCommonFilterOnControlField	24	static
../Drivers/BSP/Components/spirit1/SPIRIT1_Library/Src/SPIRIT_PktCommon.c:1420:23:SpiritPktCommonGetFilterOnControlField	16	static
