../Drivers/BSP/Components/spirit1/SPIRIT1_Library/Src/SPIRIT_Radio.c:189:9:SpiritRadioInit	64	static
../Drivers/BSP/Components/spirit1/SPIRIT1_Library/Src/SPIRIT_Radio.c:336:6:SpiritRadioGetInfo	80	static
../Drivers/BSP/Components/spirit1/SPIRIT1_Library/Src/SPIRIT_Radio.c:438:6:SpiritRadioSetXtalFlag	24	static
../Drivers/BSP/Components/spirit1/SPIRIT1_Library/Src/SPIRIT_Radio.c:467:10:SpiritRadioGetXtalFlag	16	static
../Drivers/BSP/Components/spirit1/SPIRIT1_Library/Src/SPIRIT_Radio.c:489:9:SpiritRadioSearchWCP	24	static
../Drivers/BSP/Components/spirit1/SPIRIT1_Library/Src/SPIRIT_Radio.c:544:10:SpiritRadioGetSynthWord	16	static
../Drivers/BSP/Components/spirit1/SPIRIT1_Library/Src/SPIRIT_Radio.c:561:6:SpiritRadioSetSynthWord	24	static
../Drivers/BSP/Components/spirit1/SPIRIT1_Library/Src/SPIRIT_Radio.c:594:6:SpiritRadioSetBand	24	static
../Drivers/BSP/Components/spirit1/SPIRIT1_Library/Src/SPIRIT_Radio.c:624:12:SpiritRadioGetBand	16	static
../Drivers/BSP/Components/spirit1/SPIRIT1_Library/Src/SPIRIT_Radio.c:657:6:SpiritRadioSetChannel	16	static
../Drivers/BSP/Components/spirit1/SPIRIT1_Library/Src/SPIRIT_Radio.c:670:9:SpiritRadioGetChannel	16	static
../Drivers/BSP/Components/spirit1/SPIRIT1_Library/Src/SPIRIT_Radio.c:688:6:SpiritRadioSetChannelSpace	24	static
../Drivers/BSP/Components/spirit1/SPIRIT1_Library/Src/SPIRIT_Radio.c:707:10:SpiritRadioGetChannelSpace	16	static
../Drivers/BSP/Components/spirit1/SPIRIT1_Library/Src/SPIRIT_Radio.c:725:6:SpiritRadioSetFrequencyOffsetPpm	48	static
../Drivers/BSP/Components/spirit1/SPIRIT1_Library/Src/SPIRIT_Radio.c:767:6:SpiritRadioSetFrequencyOffset	32	static
../Drivers/BSP/Components/spirit1/SPIRIT1_Library/Src/SPIRIT_Radio.c:793:9:SpiritRadioGetFrequencyOffset	16	static
../Drivers/BSP/Components/spirit1/SPIRIT1_Library/Src/SPIRIT_Radio.c:829:9:SpiritRadioSetFrequencyBase	64	static
../Drivers/BSP/Components/spirit1/SPIRIT1_Library/Src/SPIRIT_Radio.c:937:6:SpiritRadioVcoCalibrationWAFB	16	static
../Drivers/BSP/Components/spirit1/SPIRIT1_Library/Src/SPIRIT_Radio.c:947:10:SpiritRadioGetFrequencyBase	32	static
../Drivers/BSP/Components/spirit1/SPIRIT1_Library/Src/SPIRIT_Radio.c:970:10:SpiritRadioGetCenterFrequency	24	static
../Drivers/BSP/Components/spirit1/SPIRIT1_Library/Src/SPIRIT_Radio.c:1003:6:SpiritRadioSearchDatarateME	40	static
../Drivers/BSP/Components/spirit1/SPIRIT1_Library/Src/SPIRIT_Radio.c:1070:6:SpiritRadioSearchChannelBwME	48	static
../Drivers/BSP/Components/spirit1/SPIRIT1_Library/Src/SPIRIT_Radio.c:1131:6:SpiritRadioSearchFreqDevME	56	static
../Drivers/BSP/Components/spirit1/SPIRIT1_Library/Src/SPIRIT_Radio.c:1169:6:SpiritRadioSetDatarate	24	static
../Drivers/BSP/Components/spirit1/SPIRIT1_Library/Src/SPIRIT_Radio.c:1197:10:SpiritRadioGetDatarate	16	static
../Drivers/BSP/Components/spirit1/SPIRIT1_Library/Src/SPIRIT_Radio.c:1218:6:SpiritRadioSetFrequencyDev	24	static
../Drivers/BSP/Components/spirit1/SPIRIT1_Library/Src/SPIRIT_Radio.c:1247:10:SpiritRadioGetFrequencyDev	32	static
../Drivers/BSP/Components/spirit1/SPIRIT1_Library/Src/SPIRIT_Radio.c:1272:6:SpiritRadioSetChannelBW	24	static
../Drivers/BSP/Components/spirit1/SPIRIT1_Library/Src/SPIRIT_Radio.c:1300:10:SpiritRadioGetChannelBW	24	static
../Drivers/BSP/Components/spirit1/SPIRIT1_Library/Src/SPIRIT_Radio.c:1321:6:SpiritRadioSetModulation	24	static
../Drivers/BSP/Components/spirit1/SPIRIT1_Library/Src/SPIRIT_Radio.c:1346:18:SpiritRadioGetModulation	16	static
../Drivers/BSP/Components/spirit1/SPIRIT1_Library/Src/SPIRIT_Radio.c:1365:6:SpiritRadioCWTransmitMode	24	static
../Drivers/BSP/Components/spirit1/SPIRIT1_Library/Src/SPIRIT_Radio.c:1395:6:SpiritRadioSetOokPeakDecay	24	static
../Drivers/BSP/Components/spirit1/SPIRIT1_Library/Src/SPIRIT_Radio.c:1420:14:SpiritRadioGetOokPeakDecay	16	static
../Drivers/BSP/Components/spirit1/SPIRIT1_Library/Src/SPIRIT_Radio.c:1440:9:SpiritRadioGetdBm2Reg	32	static
../Drivers/BSP/Components/spirit1/SPIRIT1_Library/Src/SPIRIT_Radio.c:1489:7:SpiritRadioGetReg2dBm	32	static
../Drivers/BSP/Components/spirit1/SPIRIT1_Library/Src/SPIRIT_Radio.c:1540:6:SpiritRadioSetPATabledBm	40	static
../Drivers/BSP/Components/spirit1/SPIRIT1_Library/Src/SPIRIT_Radio.c:1582:6:SpiritRadioGetPATabledBm	40	static
../Drivers/BSP/Components/spirit1/SPIRIT1_Library/Src/SPIRIT_Radio.c:1616:6:SpiritRadioSetPALeveldBm	24	static
../Drivers/BSP/Components/spirit1/SPIRIT1_Library/Src/SPIRIT_Radio.c:1645:7:SpiritRadioGetPALeveldBm	24	static
../Drivers/BSP/Components/spirit1/SPIRIT1_Library/Src/SPIRIT_Radio.c:1678:6:SpiritRadioSetPATable	32	static
../Drivers/BSP/Components/spirit1/SPIRIT1_Library/Src/SPIRIT_Radio.c:1717:6:SpiritRadioGetPATable	32	static
../Drivers/BSP/Components/spirit1/SPIRIT1_Library/Src/SPIRIT_Radio.c:1744:6:SpiritRadioSetPALevel	24	static
../Drivers/BSP/Components/spirit1/SPIRIT1_Library/Src/SPIRIT_Radio.c:1767:9:SpiritRadioGetPALevel	24	static
../Drivers/BSP/Components/spirit1/SPIRIT1_Library/Src/SPIRIT_Radio.c:1793:6:SpiritRadioSetPACwc	24	static
../Drivers/BSP/Components/spirit1/SPIRIT1_Library/Src/SPIRIT_Radio.c:1823:17:SpiritRadioGetPACwc	16	static
../Drivers/BSP/Components/spirit1/SPIRIT1_Library/Src/SPIRIT_Radio.c:1841:6:SpiritRadioSetPALevelMaxIndex	24	static
../Drivers/BSP/Components/spirit1/SPIRIT1_Library/Src/SPIRIT_Radio.c:1866:9:SpiritRadioGetPALevelMaxIndex	16	static
../Drivers/BSP/Components/spirit1/SPIRIT1_Library/Src/SPIRIT_Radio.c:1885:6:SpiritRadioSetPAStepWidth	24	static
../Drivers/BSP/Components/spirit1/SPIRIT1_Library/Src/SPIRIT_Radio.c:1911:9:SpiritRadioGetPAStepWidth	16	static
../Drivers/BSP/Components/spirit1/SPIRIT1_Library/Src/SPIRIT_Radio.c:1931:6:SpiritRadioPARamping	24	static
../Drivers/BSP/Components/spirit1/SPIRIT1_Library/Src/SPIRIT_Radio.c:1960:23:SpiritRadioGetPARamping	16	static
../Drivers/BSP/Components/spirit1/SPIRIT1_Library/Src/SPIRIT_Radio.c:1979:6:SpiritRadioAFC	24	static
../Drivers/BSP/Components/spirit1/SPIRIT1_Library/Src/SPIRIT_Radio.c:2009:6:SpiritRadioAFCFreezeOnSync	24	static
../Drivers/BSP/Components/spirit1/SPIRIT1_Library/Src/SPIRIT_Radio.c:2040:6:SpiritRadioSetAFCMode	24	static
../Drivers/BSP/Components/spirit1/SPIRIT1_Library/Src/SPIRIT_Radio.c:2071:9:SpiritRadioGetAFCMode	16	static
../Drivers/BSP/Components/spirit1/SPIRIT1_Library/Src/SPIRIT_Radio.c:2090:6:SpiritRadioSetAFCPDLeakage	24	static
../Drivers/BSP/Components/spirit1/SPIRIT1_Library/Src/SPIRIT_Radio.c:2114:9:SpiritRadioGetAFCPDLeakage	16	static
../Drivers/BSP/Components/spirit1/SPIRIT1_Library/Src/SPIRIT_Radio.c:2132:6:SpiritRadioSetAFCFastPeriod	16	static
../Drivers/BSP/Components/spirit1/SPIRIT1_Library/Src/SPIRIT_Radio.c:2145:9:SpiritRadioGetAFCFastPeriod	16	static
../Drivers/BSP/Components/spirit1/SPIRIT1_Library/Src/SPIRIT_Radio.c:2163:6:SpiritRadioSetAFCFastGain	24	static
../Drivers/BSP/Components/spirit1/SPIRIT1_Library/Src/SPIRIT_Radio.c:2187:9:SpiritRadioGetAFCFastGain	16	static
../Drivers/BSP/Components/spirit1/SPIRIT1_Library/Src/SPIRIT_Radio.c:2205:6:SpiritRadioSetAFCSlowGain	24	static
../Drivers/BSP/Components/spirit1/SPIRIT1_Library/Src/SPIRIT_Radio.c:2229:9:SpiritRadioGetAFCSlowGain	16	static
../Drivers/BSP/Components/spirit1/SPIRIT1_Library/Src/SPIRIT_Radio.c:2247:8:SpiritRadioGetAFCCorrectionReg	16	static
../Drivers/BSP/Components/spirit1/SPIRIT1_Library/Src/SPIRIT_Radio.c:2267:9:SpiritRadioGetAFCCorrectionHz	24	static
../Drivers/BSP/Components/spirit1/SPIRIT1_Library/Src/SPIRIT_Radio.c:2292:6:SpiritRadioAGC	24	static
../Drivers/BSP/Components/spirit1/SPIRIT1_Library/Src/SPIRIT_Radio.c:2322:6:SpiritRadioSetAGCMeasureTimeUs	32	static
../Drivers/BSP/Components/spirit1/SPIRIT1_Library/Src/SPIRIT_Radio.c:2351:10:SpiritRadioGetAGCMeasureTimeUs	24	static
../Drivers/BSP/Components/spirit1/SPIRIT1_Library/Src/SPIRIT_Radio.c:2373:6:SpiritRadioSetAGCMeasureTime	24	static
../Drivers/BSP/Components/spirit1/SPIRIT1_Library/Src/SPIRIT_Radio.c:2399:9:SpiritRadioGetAGCMeasureTime	16	static
../Drivers/BSP/Components/spirit1/SPIRIT1_Library/Src/SPIRIT_Radio.c:2418:6:SpiritRadioSetAGCHighThreshold	24	static
../Drivers/BSP/Components/spirit1/SPIRIT1_Library/Src/SPIRIT_Radio.c:2444:9:SpiritRadioGetAGCHighThreshold	16	static
../Drivers/BSP/Components/spirit1/SPIRIT1_Library/Src/SPIRIT_Radio.c:2462:6:SpiritRadioSetAGCLowThreshold	24	static
../Drivers/BSP/Components/spirit1/SPIRIT1_Library/Src/SPIRIT_Radio.c:2488:9:SpiritRadioGetAGCLowThreshold	16	static
../Drivers/BSP/Components/spirit1/SPIRIT1_Library/Src/SPIRIT_Radio.c:2507:6:SpiritRadioSetClkRecMode	24	static
../Drivers/BSP/Components/spirit1/SPIRIT1_Library/Src/SPIRIT_Radio.c:2534:12:SpiritRadioGetClkRecMode	16	static
../Drivers/BSP/Components/spirit1/SPIRIT1_Library/Src/SPIRIT_Radio.c:2553:6:SpiritRadioSetClkRecPGain	24	static
../Drivers/BSP/Components/spirit1/SPIRIT1_Library/Src/SPIRIT_Radio.c:2579:9:SpiritRadioGetClkRecPGain	16	static
../Drivers/BSP/Components/spirit1/SPIRIT1_Library/Src/SPIRIT_Radio.c:2597:6:SpiritRadioSetClkRecIGain	24	static
../Drivers/BSP/Components/spirit1/SPIRIT1_Library/Src/SPIRIT_Radio.c:2624:9:SpiritRadioGetClkRecIGain	16	static
../Drivers/BSP/Components/spirit1/SPIRIT1_Library/Src/SPIRIT_Radio.c:2643:6:SpiritRadioSetClkRecPstFltLength	24	static
../Drivers/BSP/Components/spirit1/SPIRIT1_Library/Src/SPIRIT_Radio.c:2670:14:SpiritRadioGetClkRecPstFltLength	16	static
../Drivers/BSP/Components/spirit1/SPIRIT1_Library/Src/SPIRIT_Radio.c:2688:6:SpiritRadioCsBlanking	24	static
../Drivers/BSP/Components/spirit1/SPIRIT1_Library/Src/SPIRIT_Radio.c:2719:6:SpiritRadioPersistenRx	24	static
../Drivers/BSP/Components/spirit1/SPIRIT1_Library/Src/SPIRIT_Radio.c:2749:6:SpiritRadioSetRefDiv	24	static
../Drivers/BSP/Components/spirit1/SPIRIT1_Library/Src/SPIRIT_Radio.c:2778:23:SpiritRadioGetRefDiv	16	static
../Drivers/BSP/Components/spirit1/SPIRIT1_Library/Src/SPIRIT_Radio.c:2801:6:SpiritRadioSetDigDiv	24	static
../Drivers/BSP/Components/spirit1/SPIRIT1_Library/Src/SPIRIT_Radio.c:2831:23:SpiritRadioGetDigDiv	16	static
../Drivers/BSP/Components/spirit1/SPIRIT1_Library/Src/SPIRIT_Radio.c:2853:10:SpiritRadioGetXtalFrequency	4	static
../Drivers/BSP/Components/spirit1/SPIRIT1_Library/Src/SPIRIT_Radio.c:2863:6:SpiritRadioSetXtalFrequency	16	static
