../Drivers/BSP/Components/spirit1/SPIRIT1_Library/Src/SPIRIT_Qi.c:119:6:SpiritQiPqiCheck	24	static
../Drivers/BSP/Components/spirit1/SPIRIT1_Library/Src/SPIRIT_Qi.c:152:6:SpiritQiSqiCheck	24	static
../Drivers/BSP/Components/spirit1/SPIRIT1_Library/Src/SPIRIT_Qi.c:184:6:SpiritQiSetPqiThreshold	24	static
../Drivers/BSP/Components/spirit1/SPIRIT1_Library/Src/SPIRIT_Qi.c:209:14:SpiritQiGetPqiThreshold	16	static
../Drivers/BSP/Components/spirit1/SPIRIT1_Library/Src/SPIRIT_Qi.c:231:6:SpiritQiSetSqiThreshold	24	static
../Drivers/BSP/Components/spirit1/SPIRIT1_Library/Src/SPIRIT_Qi.c:256:14:SpiritQiGetSqiThreshold	16	static
../Drivers/BSP/Components/spirit1/SPIRIT1_Library/Src/SPIRIT_Qi.c:274:9:SpiritQiGetPqi	16	static
../Drivers/BSP/Components/spirit1/SPIRIT1_Library/Src/SPIRIT_Qi.c:292:9:SpiritQiGetSqi	16	static
../Drivers/BSP/Components/spirit1/SPIRIT1_Library/Src/SPIRIT_Qi.c:310:9:SpiritQiGetLqi	16	static
../Drivers/BSP/Components/spirit1/SPIRIT1_Library/Src/SPIRIT_Qi.c:328:18:SpiritQiGetCs	16	static
../Drivers/BSP/Components/spirit1/SPIRIT1_Library/Src/SPIRIT_Qi.c:354:9:SpiritQiGetRssi	16	static
../Drivers/BSP/Components/spirit1/SPIRIT1_Library/Src/SPIRIT_Qi.c:373:6:SpiritQiSetRssiThreshold	16	static
../Drivers/BSP/Components/spirit1/SPIRIT1_Library/Src/SPIRIT_Qi.c:386:9:SpiritQiGetRssiThreshold	16	static
../Drivers/BSP/Components/spirit1/SPIRIT1_Library/Src/SPIRIT_Qi.c:405:9:SpiritQiComputeRssiThreshold	16	static
../Drivers/BSP/Components/spirit1/SPIRIT1_Library/Src/SPIRIT_Qi.c:421:6:SpiritQiSetRssiThresholddBm	24	static
../Drivers/BSP/Components/spirit1/SPIRIT1_Library/Src/SPIRIT_Qi.c:440:6:SpiritQiSetRssiFilterGain	24	static
../Drivers/BSP/Components/spirit1/SPIRIT1_Library/Src/SPIRIT_Qi.c:465:16:SpiritQiGetRssiFilterGain	16	static
../Drivers/BSP/Components/spirit1/SPIRIT1_Library/Src/SPIRIT_Qi.c:488:6:SpiritQiSetCsMode	24	static
../Drivers/BSP/Components/spirit1/SPIRIT1_Library/Src/SPIRIT_Qi.c:513:8:SpiritQiGetCsMode	16	static
../Drivers/BSP/Components/spirit1/SPIRIT1_Library/Src/SPIRIT_Qi.c:531:6:SpiritQiCsTimeoutMask	24	static
../Drivers/BSP/Components/spirit1/SPIRIT1_Library/Src/SPIRIT_Qi.c:563:6:SpiritQiPqiTimeoutMask	24	static
../Drivers/BSP/Components/spirit1/SPIRIT1_Library/Src/SPIRIT_Qi.c:595:6:SpiritQiSqiTimeoutMask	24	static
