../Drivers/BSP/Components/spirit1/SPIRIT1_Library/Src/SPIRIT_Timer.c:121:6:SpiritTimerLdcrMode	24	static
../Drivers/BSP/Components/spirit1/SPIRIT1_Library/Src/SPIRIT_Timer.c:150:6:SpiritTimerLdcrAutoReload	24	static
../Drivers/BSP/Components/spirit1/SPIRIT1_Library/Src/SPIRIT_Timer.c:178:23:SpiritTimerLdcrGetAutoReload	16	static
../Drivers/BSP/Components/spirit1/SPIRIT1_Library/Src/SPIRIT_Timer.c:198:6:SpiritTimerSetRxTimeout	24	static
../Drivers/BSP/Components/spirit1/SPIRIT1_Library/Src/SPIRIT_Timer.c:216:6:SpiritTimerSetRxTimeoutMs	24	static
../Drivers/BSP/Components/spirit1/SPIRIT1_Library/Src/SPIRIT_Timer.c:235:6:SpiritTimerSetRxTimeoutCounter	16	static
../Drivers/BSP/Components/spirit1/SPIRIT1_Library/Src/SPIRIT_Timer.c:249:6:SpiritTimerSetRxTimeoutPrescaler	16	static
../Drivers/BSP/Components/spirit1/SPIRIT1_Library/Src/SPIRIT_Timer.c:268:6:SpiritTimerGetRxTimeout	40	static
../Drivers/BSP/Components/spirit1/SPIRIT1_Library/Src/SPIRIT_Timer.c:302:6:SpiritTimerSetWakeUpTimer	24	static
../Drivers/BSP/Components/spirit1/SPIRIT1_Library/Src/SPIRIT_Timer.c:321:6:SpiritTimerSetWakeUpTimerMs	24	static
../Drivers/BSP/Components/spirit1/SPIRIT1_Library/Src/SPIRIT_Timer.c:341:6:SpiritTimerSetWakeUpTimerCounter	16	static
../Drivers/BSP/Components/spirit1/SPIRIT1_Library/Src/SPIRIT_Timer.c:356:6:SpiritTimerSetWakeUpTimerPrescaler	16	static
../Drivers/BSP/Components/spirit1/SPIRIT1_Library/Src/SPIRIT_Timer.c:374:6:SpiritTimerGetWakeUpTimer	40	static
../Drivers/BSP/Components/spirit1/SPIRIT1_Library/Src/SPIRIT_Timer.c:405:6:SpiritTimerSetWakeUpTimerReload	24	static
../Drivers/BSP/Components/spirit1/SPIRIT1_Library/Src/SPIRIT_Timer.c:424:6:SpiritTimerSetWakeUpTimerReloadMs	24	static
../Drivers/BSP/Components/spirit1/SPIRIT1_Library/Src/SPIRIT_Timer.c:444:6:SpiritTimerSetWakeUpTimerReloadCounter	16	static
../Drivers/BSP/Components/spirit1/SPIRIT1_Library/Src/SPIRIT_Timer.c:459:6:SpiritTimerSetWakeUpTimerReloadPrescaler	16	static
../Drivers/BSP/Components/spirit1/SPIRIT1_Library/Src/SPIRIT_Timer.c:477:6:SpiritTimerGetWakeUpTimerReload	40	static
../Drivers/BSP/Components/spirit1/SPIRIT1_Library/Src/SPIRIT_Timer.c:500:10:SpiritTimerGetRcoFrequency	24	static
../Drivers/BSP/Components/spirit1/SPIRIT1_Library/Src/SPIRIT_Timer.c:539:6:SpiritTimerComputeWakeUpValues	48	static
../Drivers/BSP/Components/spirit1/SPIRIT1_Library/Src/SPIRIT_Timer.c:596:6:SpiritTimerComputeRxTimeoutValues	48	static
../Drivers/BSP/Components/spirit1/SPIRIT1_Library/Src/SPIRIT_Timer.c:650:6:SpiritTimerSetRxTimeoutStopCondition	24	static
../Drivers/BSP/Components/spirit1/SPIRIT1_Library/Src/SPIRIT_Timer.c:676:6:SpiritTimerReloadStrobe	8	static
