../Drivers/BSP/Components/spirit1/SPIRIT1_Library/Src/SPIRIT_Csma.c:119:6:SpiritCsmaInit	24	static
../Drivers/BSP/Components/spirit1/SPIRIT1_Library/Src/SPIRIT_Csma.c:171:6:SpiritCsmaGetInfo	24	static
../Drivers/BSP/Components/spirit1/SPIRIT1_Library/Src/SPIRIT_Csma.c:208:6:SpiritCsma	24	static
../Drivers/BSP/Components/spirit1/SPIRIT1_Library/Src/SPIRIT_Csma.c:238:23:SpiritCsmaGetCsma	16	static
../Drivers/BSP/Components/spirit1/SPIRIT1_Library/Src/SPIRIT_Csma.c:263:6:SpiritCsmaPersistentMode	24	static
../Drivers/BSP/Components/spirit1/SPIRIT1_Library/Src/SPIRIT_Csma.c:294:23:SpiritCsmaGetPersistentMode	16	static
../Drivers/BSP/Components/spirit1/SPIRIT1_Library/Src/SPIRIT_Csma.c:320:6:SpiritCsmaSeedReloadMode	24	static
../Drivers/BSP/Components/spirit1/SPIRIT1_Library/Src/SPIRIT_Csma.c:351:23:SpiritCsmaGetSeedReloadMode	16	static
../Drivers/BSP/Components/spirit1/SPIRIT1_Library/Src/SPIRIT_Csma.c:376:6:SpiritCsmaSetBuCounterSeed	24	static
../Drivers/BSP/Components/spirit1/SPIRIT1_Library/Src/SPIRIT_Csma.c:398:10:SpiritCsmaGetBuCounterSeed	16	static
../Drivers/BSP/Components/spirit1/SPIRIT1_Library/Src/SPIRIT_Csma.c:417:6:SpiritCsmaSetBuPrescaler	24	static
../Drivers/BSP/Components/spirit1/SPIRIT1_Library/Src/SPIRIT_Csma.c:442:9:SpiritCsmaGetBuPrescaler	16	static
../Drivers/BSP/Components/spirit1/SPIRIT1_Library/Src/SPIRIT_Csma.c:461:6:SpiritCsmaSetCcaPeriod	24	static
../Drivers/BSP/Components/spirit1/SPIRIT1_Library/Src/SPIRIT_Csma.c:486:11:SpiritCsmaGetCcaPeriod	16	static
../Drivers/BSP/Components/spirit1/SPIRIT1_Library/Src/SPIRIT_Csma.c:505:6:SpiritCsmaSetCcaLength	24	static
../Drivers/BSP/Components/spirit1/SPIRIT1_Library/Src/SPIRIT_Csma.c:530:9:SpiritCsmaGetCcaLength	16	static
../Drivers/BSP/Components/spirit1/SPIRIT1_Library/Src/SPIRIT_Csma.c:549:6:SpiritCsmaSetMaxNumberBackoff	24	static
../Drivers/BSP/Components/spirit1/SPIRIT1_Library/Src/SPIRIT_Csma.c:572:9:SpiritCsmaGetMaxNumberBackoff	16	static
